<?xml version="1.0" encoding="ISO-8859-1" ?>
<link_info>
   <banner>TMS320C2000 Linker PC v22.6.3.LTS</banner>
   <copyright>Copyright (c) 1996-2018 Texas Instruments Incorporated</copyright>
   <link_time>0x6970a29c</link_time>
   <link_errors>0x0</link_errors>
   <output_file>empty_driverlib_project.out</output_file>
   <entry_point>
      <name>code_start</name>
      <address>0x0</address>
   </entry_point>
   <input_file_list>
      <input_file id="fl-2">
         <path>.\</path>
         <kind>object</kind>
         <file>generalpurpose.obj</file>
         <name>generalpurpose.obj</name>
      </input_file>
      <input_file id="fl-3">
         <path>.\syscfg\</path>
         <kind>object</kind>
         <file>board.obj</file>
         <name>board.obj</name>
      </input_file>
      <input_file id="fl-4">
         <path>.\syscfg\</path>
         <kind>object</kind>
         <file>c2000ware_libraries.obj</file>
         <name>c2000ware_libraries.obj</name>
      </input_file>
      <input_file id="fl-5">
         <path>.\device\</path>
         <kind>object</kind>
         <file>device.obj</file>
         <name>device.obj</name>
      </input_file>
      <input_file id="fl-6">
         <path>.\device\</path>
         <kind>object</kind>
         <file>f28p65x_codestartbranch.obj</file>
         <name>f28p65x_codestartbranch.obj</name>
      </input_file>
      <input_file id="fl-c">
         <kind>object</kind>
         <file>&lt;internal&gt;</file>
         <name>&lt;internal&gt;</name>
      </input_file>
      <input_file id="fl-d">
         <path>C:\ti\C2000Ware_6_00_01_00\driverlib\f28p65x\driverlib\ccs\Debug\</path>
         <kind>archive</kind>
         <file>driverlib.lib</file>
         <name>dcc.obj</name>
      </input_file>
      <input_file id="fl-e">
         <path>C:\ti\C2000Ware_6_00_01_00\driverlib\f28p65x\driverlib\ccs\Debug\</path>
         <kind>archive</kind>
         <file>driverlib.lib</file>
         <name>gpio.obj</name>
      </input_file>
      <input_file id="fl-f">
         <path>C:\ti\C2000Ware_6_00_01_00\driverlib\f28p65x\driverlib\ccs\Debug\</path>
         <kind>archive</kind>
         <file>driverlib.lib</file>
         <name>interrupt.obj</name>
      </input_file>
      <input_file id="fl-10">
         <path>C:\ti\C2000Ware_6_00_01_00\driverlib\f28p65x\driverlib\ccs\Debug\</path>
         <kind>archive</kind>
         <file>driverlib.lib</file>
         <name>ipc.obj</name>
      </input_file>
      <input_file id="fl-11">
         <path>C:\ti\C2000Ware_6_00_01_00\driverlib\f28p65x\driverlib\ccs\Debug\</path>
         <kind>archive</kind>
         <file>driverlib.lib</file>
         <name>sysctl.obj</name>
      </input_file>
      <input_file id="fl-1d">
         <path>C:\ti\ccs2040\ccs\tools\compiler\ti-cgt-c2000_22.6.3.LTS\lib\</path>
         <kind>archive</kind>
         <file>rts2800_fpu64_eabi.lib</file>
         <name>boot28.asm.obj</name>
      </input_file>
      <input_file id="fl-1e">
         <path>C:\ti\ccs2040\ccs\tools\compiler\ti-cgt-c2000_22.6.3.LTS\lib\</path>
         <kind>archive</kind>
         <file>rts2800_fpu64_eabi.lib</file>
         <name>fs_div28.asm.obj</name>
      </input_file>
      <input_file id="fl-1f">
         <path>C:\ti\ccs2040\ccs\tools\compiler\ti-cgt-c2000_22.6.3.LTS\lib\</path>
         <kind>archive</kind>
         <file>rts2800_fpu64_eabi.lib</file>
         <name>pre_init.c.obj</name>
      </input_file>
      <input_file id="fl-20">
         <path>C:\ti\ccs2040\ccs\tools\compiler\ti-cgt-c2000_22.6.3.LTS\lib\</path>
         <kind>archive</kind>
         <file>rts2800_fpu64_eabi.lib</file>
         <name>autoinit.c.obj</name>
      </input_file>
      <input_file id="fl-21">
         <path>C:\ti\ccs2040\ccs\tools\compiler\ti-cgt-c2000_22.6.3.LTS\lib\</path>
         <kind>archive</kind>
         <file>rts2800_fpu64_eabi.lib</file>
         <name>copy_zero_init.c.obj</name>
      </input_file>
      <input_file id="fl-22">
         <path>C:\ti\ccs2040\ccs\tools\compiler\ti-cgt-c2000_22.6.3.LTS\lib\</path>
         <kind>archive</kind>
         <file>rts2800_fpu64_eabi.lib</file>
         <name>copy_decompress_none.c.obj</name>
      </input_file>
      <input_file id="fl-23">
         <path>C:\ti\ccs2040\ccs\tools\compiler\ti-cgt-c2000_22.6.3.LTS\lib\</path>
         <kind>archive</kind>
         <file>rts2800_fpu64_eabi.lib</file>
         <name>copy_decompress_lzss.c.obj</name>
      </input_file>
      <input_file id="fl-24">
         <path>C:\ti\ccs2040\ccs\tools\compiler\ti-cgt-c2000_22.6.3.LTS\lib\</path>
         <kind>archive</kind>
         <file>rts2800_fpu64_eabi.lib</file>
         <name>exit.c.obj</name>
      </input_file>
      <input_file id="fl-25">
         <path>C:\ti\ccs2040\ccs\tools\compiler\ti-cgt-c2000_22.6.3.LTS\lib\</path>
         <kind>archive</kind>
         <file>rts2800_fpu64_eabi.lib</file>
         <name>_lock.c.obj</name>
      </input_file>
      <input_file id="fl-26">
         <path>C:\ti\ccs2040\ccs\tools\compiler\ti-cgt-c2000_22.6.3.LTS\lib\</path>
         <kind>archive</kind>
         <file>rts2800_fpu64_eabi.lib</file>
         <name>args_main.c.obj</name>
      </input_file>
      <input_file id="fl-27">
         <path>C:\ti\ccs2040\ccs\tools\compiler\ti-cgt-c2000_22.6.3.LTS\lib\</path>
         <kind>archive</kind>
         <file>rts2800_fpu64_eabi.lib</file>
         <name>memset.c.obj</name>
      </input_file>
      <input_file id="fl-28">
         <path>C:\ti\ccs2040\ccs\tools\compiler\ti-cgt-c2000_22.6.3.LTS\lib\</path>
         <kind>archive</kind>
         <file>rts2800_fpu64_eabi.lib</file>
         <name>cpy_tbl.c.obj</name>
      </input_file>
      <input_file id="fl-29">
         <path>C:\ti\ccs2040\ccs\tools\compiler\ti-cgt-c2000_22.6.3.LTS\lib\</path>
         <kind>archive</kind>
         <file>rts2800_fpu64_eabi.lib</file>
         <name>memcpy.c.obj</name>
      </input_file>
      <input_file id="fl-2a">
         <path>C:\ti\ccs2040\ccs\tools\compiler\ti-cgt-c2000_22.6.3.LTS\lib\</path>
         <kind>archive</kind>
         <file>rts2800_fpu64_eabi.lib</file>
         <name>startup.c.obj</name>
      </input_file>
   </input_file_list>
   <object_component_list>
      <object_component id="oc-27">
         <name>codestart</name>
         <load_address>0x0</load_address>
         <run_address>0x0</run_address>
         <size>0x2</size>
         <input_file_ref idref="fl-6"/>
      </object_component>
      <object_component id="oc-1bb">
         <name>.text:Device_enableAllPeripherals</name>
         <load_address>0xc000</load_address>
         <run_address>0xc000</run_address>
         <size>0x1a0</size>
         <input_file_ref idref="fl-5"/>
      </object_component>
      <object_component id="oc-196">
         <name>.text:SysCtl_setClock</name>
         <load_address>0xc1a0</load_address>
         <run_address>0xc1a0</run_address>
         <size>0x126</size>
         <input_file_ref idref="fl-11"/>
      </object_component>
      <object_component id="oc-208">
         <name>.text:SysCtl_isPLLValid</name>
         <load_address>0xc2c6</load_address>
         <run_address>0xc2c6</run_address>
         <size>0x120</size>
         <input_file_ref idref="fl-11"/>
      </object_component>
      <object_component id="oc-298">
         <name>.text</name>
         <load_address>0xc3e6</load_address>
         <run_address>0xc3e6</run_address>
         <size>0x88</size>
         <input_file_ref idref="fl-1e"/>
      </object_component>
      <object_component id="oc-2cd">
         <name>.text:DCC_setCounterSeeds</name>
         <load_address>0xc46e</load_address>
         <run_address>0xc46e</run_address>
         <size>0x73</size>
         <input_file_ref idref="fl-11"/>
      </object_component>
      <object_component id="oc-1a2">
         <name>.text:SysCtl_getClock</name>
         <load_address>0xc4e1</load_address>
         <run_address>0xc4e1</run_address>
         <size>0x65</size>
         <input_file_ref idref="fl-11"/>
      </object_component>
      <object_component id="oc-2f1">
         <name>.text:GPIO_setPadConfig</name>
         <load_address>0xc546</load_address>
         <run_address>0xc546</run_address>
         <size>0x52</size>
         <input_file_ref idref="fl-e"/>
      </object_component>
      <object_component id="oc-1fc">
         <name>.text:SysCtl_selectOscSource</name>
         <load_address>0xc598</load_address>
         <run_address>0xc598</run_address>
         <size>0x47</size>
         <input_file_ref idref="fl-11"/>
      </object_component>
      <object_component id="oc-28a">
         <name>.text:SysCtl_selectXTAL</name>
         <load_address>0xc5df</load_address>
         <run_address>0xc5df</run_address>
         <size>0x46</size>
         <input_file_ref idref="fl-11"/>
      </object_component>
      <object_component id="oc-325">
         <name>.text:SysCtl_pollX1Counter</name>
         <load_address>0xc625</load_address>
         <run_address>0xc625</run_address>
         <size>0x45</size>
         <input_file_ref idref="fl-11"/>
      </object_component>
      <object_component id="oc-2c">
         <name>.text:INT_PS1_XINT_ISR</name>
         <load_address>0xc66a</load_address>
         <run_address>0xc66a</run_address>
         <size>0x3e</size>
         <input_file_ref idref="fl-2"/>
      </object_component>
      <object_component id="oc-38">
         <name>.text:INT_PS2_XINT_ISR</name>
         <load_address>0xc6a8</load_address>
         <run_address>0xc6a8</run_address>
         <size>0x3e</size>
         <input_file_ref idref="fl-2"/>
      </object_component>
      <object_component id="oc-3e">
         <name>.text:INT_PS3_XINT_ISR</name>
         <load_address>0xc6e6</load_address>
         <run_address>0xc6e6</run_address>
         <size>0x3e</size>
         <input_file_ref idref="fl-2"/>
      </object_component>
      <object_component id="oc-44">
         <name>.text:INT_PS4_XINT_ISR</name>
         <load_address>0xc724</load_address>
         <run_address>0xc724</run_address>
         <size>0x3e</size>
         <input_file_ref idref="fl-2"/>
      </object_component>
      <object_component id="oc-4a">
         <name>.text:INT_PS5_XINT_ISR</name>
         <load_address>0xc762</load_address>
         <run_address>0xc762</run_address>
         <size>0x3e</size>
         <input_file_ref idref="fl-2"/>
      </object_component>
      <object_component id="oc-32">
         <name>.text:INTERRUPT_init</name>
         <load_address>0xc7a0</load_address>
         <run_address>0xc7a0</run_address>
         <size>0x3d</size>
         <input_file_ref idref="fl-3"/>
      </object_component>
      <object_component id="oc-165">
         <name>.text:Interrupt_initModule</name>
         <load_address>0xc7dd</load_address>
         <run_address>0xc7dd</run_address>
         <size>0x3d</size>
         <input_file_ref idref="fl-f"/>
      </object_component>
      <object_component id="oc-303">
         <name>.text:GPIO_setControllerCore</name>
         <load_address>0xc81a</load_address>
         <run_address>0xc81a</run_address>
         <size>0x37</size>
         <input_file_ref idref="fl-e"/>
      </object_component>
      <object_component id="oc-314">
         <name>.text:GPIO_setInterruptPin</name>
         <load_address>0xc851</load_address>
         <run_address>0xc851</run_address>
         <size>0x37</size>
         <input_file_ref idref="fl-e"/>
      </object_component>
      <object_component id="oc-220">
         <name>.text:GPIO_setPinConfig</name>
         <load_address>0xc888</load_address>
         <run_address>0xc888</run_address>
         <size>0x37</size>
         <input_file_ref idref="fl-e"/>
      </object_component>
      <object_component id="oc-2f7">
         <name>.text:GPIO_setQualificationMode</name>
         <load_address>0xc8bf</load_address>
         <run_address>0xc8bf</run_address>
         <size>0x37</size>
         <input_file_ref idref="fl-e"/>
      </object_component>
      <object_component id="oc-99">
         <name>.text:Interrupt_enable</name>
         <load_address>0xc8f6</load_address>
         <run_address>0xc8f6</run_address>
         <size>0x37</size>
         <input_file_ref idref="fl-f"/>
      </object_component>
      <object_component id="oc-159">
         <name>.text:Device_init</name>
         <load_address>0xc92d</load_address>
         <run_address>0xc92d</run_address>
         <size>0x34</size>
         <input_file_ref idref="fl-5"/>
      </object_component>
      <object_component id="oc-2fd">
         <name>.text:GPIO_setDirectionMode</name>
         <load_address>0xc961</load_address>
         <run_address>0xc961</run_address>
         <size>0x31</size>
         <input_file_ref idref="fl-e"/>
      </object_component>
      <object_component id="oc-1a">
         <name>.text:decompress:lzss</name>
         <load_address>0xc992</load_address>
         <run_address>0xc992</run_address>
         <size>0x2e</size>
         <input_file_ref idref="fl-23"/>
      </object_component>
      <object_component id="oc-101">
         <name>.text:__TI_auto_init_nobinit_nopinit</name>
         <load_address>0xc9c0</load_address>
         <run_address>0xc9c0</run_address>
         <size>0x2b</size>
         <input_file_ref idref="fl-20"/>
      </object_component>
      <object_component id="oc-2e6">
         <name>.text:XBAR_setInputPin</name>
         <load_address>0xc9eb</load_address>
         <run_address>0xc9eb</run_address>
         <size>0x2a</size>
         <input_file_ref idref="fl-3"/>
      </object_component>
      <object_component id="oc-35c">
         <name>.text:XBAR_setInputPin</name>
         <load_address>0xca15</load_address>
         <run_address>0xca15</run_address>
         <size>0x2a</size>
         <input_file_ref idref="fl-e"/>
      </object_component>
      <object_component id="oc-f3">
         <name>.text</name>
         <load_address>0xca3f</load_address>
         <run_address>0xca3f</run_address>
         <size>0x29</size>
         <input_file_ref idref="fl-24"/>
      </object_component>
      <object_component id="oc-290">
         <name>.text:SysCtl_selectXTALSingleEnded</name>
         <load_address>0xca68</load_address>
         <run_address>0xca68</run_address>
         <size>0x25</size>
         <input_file_ref idref="fl-11"/>
      </object_component>
      <object_component id="oc-2d3">
         <name>.text:DCC_enableSingleShotMode</name>
         <load_address>0xca8d</load_address>
         <run_address>0xca8d</run_address>
         <size>0x24</size>
         <input_file_ref idref="fl-11"/>
      </object_component>
      <object_component id="oc-15f">
         <name>.text:Device_initGPIO</name>
         <load_address>0xcab1</load_address>
         <run_address>0xcab1</run_address>
         <size>0x24</size>
         <input_file_ref idref="fl-5"/>
      </object_component>
      <object_component id="oc-349">
         <name>.text:XBAR_isBaseValid</name>
         <load_address>0xcad5</load_address>
         <run_address>0xcad5</run_address>
         <size>0x23</size>
         <input_file_ref idref="fl-3"/>
      </object_component>
      <object_component id="oc-369">
         <name>.text:XBAR_isBaseValid</name>
         <load_address>0xcaf8</load_address>
         <run_address>0xcaf8</run_address>
         <size>0x23</size>
         <input_file_ref idref="fl-e"/>
      </object_component>
      <object_component id="oc-2c1">
         <name>.text:DCC_setCounter0ClkSource</name>
         <load_address>0xcb1b</load_address>
         <run_address>0xcb1b</run_address>
         <size>0x1e</size>
         <input_file_ref idref="fl-11"/>
      </object_component>
      <object_component id="oc-2c7">
         <name>.text:DCC_setCounter1ClkSource</name>
         <load_address>0xcb39</load_address>
         <run_address>0xcb39</run_address>
         <size>0x1e</size>
         <input_file_ref idref="fl-11"/>
      </object_component>
      <object_component id="oc-56">
         <name>.text:Interrupt_initVectorTable</name>
         <load_address>0xcb57</load_address>
         <run_address>0xcb57</run_address>
         <size>0x1e</size>
         <input_file_ref idref="fl-f"/>
      </object_component>
      <object_component id="oc-71">
         <name>.text</name>
         <load_address>0xcb75</load_address>
         <run_address>0xcb75</run_address>
         <size>0x1d</size>
         <input_file_ref idref="fl-29"/>
      </object_component>
      <object_component id="oc-335">
         <name>.text:DCC_isBaseValid</name>
         <load_address>0xcb92</load_address>
         <run_address>0xcb92</run_address>
         <size>0x1a</size>
         <input_file_ref idref="fl-11"/>
      </object_component>
      <object_component id="oc-1cb">
         <name>.text:PinMux_init</name>
         <load_address>0xcbac</load_address>
         <run_address>0xcbac</run_address>
         <size>0x1a</size>
         <input_file_ref idref="fl-3"/>
      </object_component>
      <object_component id="oc-1af">
         <name>.text:SysCtl_getLowSpeedClock</name>
         <load_address>0xcbc6</load_address>
         <run_address>0xcbc6</run_address>
         <size>0x1a</size>
         <input_file_ref idref="fl-11"/>
      </object_component>
      <object_component id="oc-202">
         <name>.text:SysCtl_setPLLSysClk</name>
         <load_address>0xcbe0</load_address>
         <run_address>0xcbe0</run_address>
         <size>0x19</size>
         <input_file_ref idref="fl-11"/>
      </object_component>
      <object_component id="oc-bd">
         <name>.text</name>
         <load_address>0xcbf9</load_address>
         <run_address>0xcbf9</run_address>
         <size>0x19</size>
         <input_file_ref idref="fl-1d"/>
      </object_component>
      <object_component id="oc-215">
         <name>.text:SysCtl_enablePeripheral</name>
         <load_address>0xcc12</load_address>
         <run_address>0xcc12</run_address>
         <size>0x17</size>
         <input_file_ref idref="fl-5"/>
      </object_component>
      <object_component id="oc-29d">
         <name>.text:SysCtl_enablePeripheral</name>
         <load_address>0xcc29</load_address>
         <run_address>0xcc29</run_address>
         <size>0x17</size>
         <input_file_ref idref="fl-11"/>
      </object_component>
      <object_component id="oc-2bb">
         <name>.text:DCC_disableDoneSignal</name>
         <load_address>0xcc40</load_address>
         <run_address>0xcc40</run_address>
         <size>0x16</size>
         <input_file_ref idref="fl-11"/>
      </object_component>
      <object_component id="oc-50">
         <name>.text:Interrupt_defaultHandler</name>
         <load_address>0xcc56</load_address>
         <run_address>0xcc56</run_address>
         <size>0x16</size>
         <input_file_ref idref="fl-f"/>
      </object_component>
      <object_component id="oc-2a9">
         <name>.text:DCC_clearDoneFlag</name>
         <load_address>0xcc6c</load_address>
         <run_address>0xcc6c</run_address>
         <size>0x15</size>
         <input_file_ref idref="fl-11"/>
      </object_component>
      <object_component id="oc-2a3">
         <name>.text:DCC_clearErrorFlag</name>
         <load_address>0xcc81</load_address>
         <run_address>0xcc81</run_address>
         <size>0x15</size>
         <input_file_ref idref="fl-11"/>
      </object_component>
      <object_component id="oc-2b5">
         <name>.text:DCC_disableErrorSignal</name>
         <load_address>0xcc96</load_address>
         <run_address>0xcc96</run_address>
         <size>0x15</size>
         <input_file_ref idref="fl-11"/>
      </object_component>
      <object_component id="oc-1c3">
         <name>.text:GPIO_unlockPortConfig</name>
         <load_address>0xccab</load_address>
         <run_address>0xccab</run_address>
         <size>0x15</size>
         <input_file_ref idref="fl-5"/>
      </object_component>
      <object_component id="oc-2af">
         <name>.text:DCC_disableModule</name>
         <load_address>0xccc0</load_address>
         <run_address>0xccc0</run_address>
         <size>0x14</size>
         <input_file_ref idref="fl-11"/>
      </object_component>
      <object_component id="oc-2d9">
         <name>.text:DCC_enableModule</name>
         <load_address>0xccd4</load_address>
         <run_address>0xccd4</run_address>
         <size>0x14</size>
         <input_file_ref idref="fl-11"/>
      </object_component>
      <object_component id="oc-350">
         <name>.text:GPIO_isPinValid</name>
         <load_address>0xcce8</load_address>
         <run_address>0xcce8</run_address>
         <size>0x14</size>
         <input_file_ref idref="fl-e"/>
      </object_component>
      <object_component id="oc-246">
         <name>.text:PS1_init</name>
         <load_address>0xccfc</load_address>
         <run_address>0xccfc</run_address>
         <size>0x14</size>
         <input_file_ref idref="fl-3"/>
      </object_component>
      <object_component id="oc-24c">
         <name>.text:PS2_init</name>
         <load_address>0xcd10</load_address>
         <run_address>0xcd10</run_address>
         <size>0x14</size>
         <input_file_ref idref="fl-3"/>
      </object_component>
      <object_component id="oc-252">
         <name>.text:PS3_init</name>
         <load_address>0xcd24</load_address>
         <run_address>0xcd24</run_address>
         <size>0x14</size>
         <input_file_ref idref="fl-3"/>
      </object_component>
      <object_component id="oc-258">
         <name>.text:PS4_init</name>
         <load_address>0xcd38</load_address>
         <run_address>0xcd38</run_address>
         <size>0x14</size>
         <input_file_ref idref="fl-3"/>
      </object_component>
      <object_component id="oc-25e">
         <name>.text:PS5_init</name>
         <load_address>0xcd4c</load_address>
         <run_address>0xcd4c</run_address>
         <size>0x14</size>
         <input_file_ref idref="fl-3"/>
      </object_component>
      <object_component id="oc-30e">
         <name>.text:GPIO_setInterruptType</name>
         <load_address>0xcd60</load_address>
         <run_address>0xcd60</run_address>
         <size>0x10</size>
         <input_file_ref idref="fl-3"/>
      </object_component>
      <object_component id="oc-93">
         <name>.text:Interrupt_register</name>
         <load_address>0xcd70</load_address>
         <run_address>0xcd70</run_address>
         <size>0xf</size>
         <input_file_ref idref="fl-3"/>
      </object_component>
      <object_component id="oc-5c">
         <name>.text:Interrupt_unregister</name>
         <load_address>0xcd7f</load_address>
         <run_address>0xcd7f</run_address>
         <size>0xf</size>
         <input_file_ref idref="fl-10"/>
      </object_component>
      <object_component id="oc-131">
         <name>.text:main</name>
         <load_address>0xcd8e</load_address>
         <run_address>0xcd8e</run_address>
         <size>0xf</size>
         <input_file_ref idref="fl-2"/>
      </object_component>
      <object_component id="oc-16b">
         <name>.text:Board_init</name>
         <load_address>0xcd9d</load_address>
         <run_address>0xcd9d</run_address>
         <size>0xd</size>
         <input_file_ref idref="fl-3"/>
      </object_component>
      <object_component id="oc-c8">
         <name>.text:Interrupt_disableGlobal</name>
         <load_address>0xcdaa</load_address>
         <run_address>0xcdaa</run_address>
         <size>0xd</size>
         <input_file_ref idref="fl-f"/>
      </object_component>
      <object_component id="oc-ce">
         <name>.text:Interrupt_enableGlobal</name>
         <load_address>0xcdb7</load_address>
         <run_address>0xcdb7</run_address>
         <size>0xd</size>
         <input_file_ref idref="fl-f"/>
      </object_component>
      <object_component id="oc-19c">
         <name>.text:SysCtl_setLowSpeedClock</name>
         <load_address>0xcdc4</load_address>
         <run_address>0xcdc4</run_address>
         <size>0xd</size>
         <input_file_ref idref="fl-5"/>
      </object_component>
      <object_component id="oc-265">
         <name>.text:PS1_XINT_init</name>
         <load_address>0xcdd1</load_address>
         <run_address>0xcdd1</run_address>
         <size>0xc</size>
         <input_file_ref idref="fl-3"/>
      </object_component>
      <object_component id="oc-26b">
         <name>.text:PS2_XINT_init</name>
         <load_address>0xcddd</load_address>
         <run_address>0xcddd</run_address>
         <size>0xc</size>
         <input_file_ref idref="fl-3"/>
      </object_component>
      <object_component id="oc-271">
         <name>.text:PS3_XINT_init</name>
         <load_address>0xcde9</load_address>
         <run_address>0xcde9</run_address>
         <size>0xc</size>
         <input_file_ref idref="fl-3"/>
      </object_component>
      <object_component id="oc-277">
         <name>.text:PS4_XINT_init</name>
         <load_address>0xcdf5</load_address>
         <run_address>0xcdf5</run_address>
         <size>0xc</size>
         <input_file_ref idref="fl-3"/>
      </object_component>
      <object_component id="oc-27d">
         <name>.text:PS5_XINT_init</name>
         <load_address>0xce01</load_address>
         <run_address>0xce01</run_address>
         <size>0xc</size>
         <input_file_ref idref="fl-3"/>
      </object_component>
      <object_component id="oc-ed">
         <name>.text</name>
         <load_address>0xce0d</load_address>
         <run_address>0xce0d</run_address>
         <size>0xc</size>
         <input_file_ref idref="fl-26"/>
      </object_component>
      <object_component id="oc-1d7">
         <name>.text:GPIO_init</name>
         <load_address>0xce19</load_address>
         <run_address>0xce19</run_address>
         <size>0xb</size>
         <input_file_ref idref="fl-3"/>
      </object_component>
      <object_component id="oc-1d1">
         <name>.text:INPUTXBAR_init</name>
         <load_address>0xce24</load_address>
         <run_address>0xce24</run_address>
         <size>0xb</size>
         <input_file_ref idref="fl-3"/>
      </object_component>
      <object_component id="oc-190">
         <name>.text:SysCtl_disableWatchdog</name>
         <load_address>0xce2f</load_address>
         <run_address>0xce2f</run_address>
         <size>0xb</size>
         <input_file_ref idref="fl-5"/>
      </object_component>
      <object_component id="oc-1f5">
         <name>.text:SysCtl_isMCDClockFailureDetected</name>
         <load_address>0xce3a</load_address>
         <run_address>0xce3a</run_address>
         <size>0xb</size>
         <input_file_ref idref="fl-11"/>
      </object_component>
      <object_component id="oc-1dd">
         <name>.text:XINT_init</name>
         <load_address>0xce45</load_address>
         <run_address>0xce45</run_address>
         <size>0xb</size>
         <input_file_ref idref="fl-3"/>
      </object_component>
      <object_component id="oc-62">
         <name>.text:Interrupt_illegalOperationHandler</name>
         <load_address>0xce50</load_address>
         <run_address>0xce50</run_address>
         <size>0xa</size>
         <input_file_ref idref="fl-f"/>
      </object_component>
      <object_component id="oc-68">
         <name>.text:Interrupt_nmiHandler</name>
         <load_address>0xce5a</load_address>
         <run_address>0xce5a</run_address>
         <size>0xa</size>
         <input_file_ref idref="fl-f"/>
      </object_component>
      <object_component id="oc-31a">
         <name>.text:GPIO_enableInterrupt</name>
         <load_address>0xce64</load_address>
         <run_address>0xce64</run_address>
         <size>0x9</size>
         <input_file_ref idref="fl-3"/>
      </object_component>
      <object_component id="oc-17d">
         <name>.text</name>
         <load_address>0xce6d</load_address>
         <run_address>0xce6d</run_address>
         <size>0x9</size>
         <input_file_ref idref="fl-25"/>
      </object_component>
      <object_component id="oc-20">
         <name>.text:decompress:none</name>
         <load_address>0xce76</load_address>
         <run_address>0xce76</run_address>
         <size>0x8</size>
         <input_file_ref idref="fl-22"/>
      </object_component>
      <object_component id="oc-85">
         <name>.text</name>
         <load_address>0xce7e</load_address>
         <run_address>0xce7e</run_address>
         <size>0x8</size>
         <input_file_ref idref="fl-6"/>
      </object_component>
      <object_component id="oc-32b">
         <name>.text:SysCtl_resetMCD</name>
         <load_address>0xce86</load_address>
         <run_address>0xce86</run_address>
         <size>0x7</size>
         <input_file_ref idref="fl-11"/>
      </object_component>
      <object_component id="oc-1a9">
         <name>.text:__error__</name>
         <load_address>0xce8d</load_address>
         <run_address>0xce8d</run_address>
         <size>0x7</size>
         <input_file_ref idref="fl-5"/>
      </object_component>
      <object_component id="oc-227">
         <name>.text:myINPUTXBARINPUT0_init</name>
         <load_address>0xce94</load_address>
         <run_address>0xce94</run_address>
         <size>0x7</size>
         <input_file_ref idref="fl-3"/>
      </object_component>
      <object_component id="oc-22d">
         <name>.text:myINPUTXBARINPUT1_init</name>
         <load_address>0xce9b</load_address>
         <run_address>0xce9b</run_address>
         <size>0x7</size>
         <input_file_ref idref="fl-3"/>
      </object_component>
      <object_component id="oc-233">
         <name>.text:myINPUTXBARINPUT2_init</name>
         <load_address>0xcea2</load_address>
         <run_address>0xcea2</run_address>
         <size>0x7</size>
         <input_file_ref idref="fl-3"/>
      </object_component>
      <object_component id="oc-239">
         <name>.text:myINPUTXBARINPUT3_init</name>
         <load_address>0xcea9</load_address>
         <run_address>0xcea9</run_address>
         <size>0x7</size>
         <input_file_ref idref="fl-3"/>
      </object_component>
      <object_component id="oc-23f">
         <name>.text:myINPUTXBARINPUT4_init</name>
         <load_address>0xceb0</load_address>
         <run_address>0xceb0</run_address>
         <size>0x7</size>
         <input_file_ref idref="fl-3"/>
      </object_component>
      <object_component id="oc-8b">
         <name>.text:Interrupt_clearACKGroup</name>
         <load_address>0xceb7</load_address>
         <run_address>0xceb7</run_address>
         <size>0x6</size>
         <input_file_ref idref="fl-2"/>
      </object_component>
      <object_component id="oc-1b5">
         <name>.text:SysCtl_deviceCal</name>
         <load_address>0xcebd</load_address>
         <run_address>0xcebd</run_address>
         <size>0x4</size>
         <input_file_ref idref="fl-5"/>
      </object_component>
      <object_component id="oc-e6">
         <name>.text</name>
         <load_address>0xcec1</load_address>
         <run_address>0xcec1</run_address>
         <size>0x2</size>
         <input_file_ref idref="fl-1f"/>
      </object_component>
      <object_component id="oc-171">
         <name>.text:C2000Ware_libraries_init</name>
         <load_address>0xcec3</load_address>
         <run_address>0xcec3</run_address>
         <size>0x1</size>
         <input_file_ref idref="fl-4"/>
      </object_component>
      <object_component id="oc-144">
         <name>.text</name>
         <load_address>0xcec4</load_address>
         <run_address>0xcec4</run_address>
         <size>0x1</size>
         <input_file_ref idref="fl-2a"/>
      </object_component>
      <object_component id="oc-3a0">
         <name>.cinit..data.load</name>
         <load_address>0x1b6</load_address>
         <run_address>0x1b6</run_address>
         <size>0x8</size>
      </object_component>
      <object_component id="oc-39e">
         <name>__TI_handler_table</name>
         <load_address>0x1be</load_address>
         <run_address>0x1be</run_address>
         <size>0x4</size>
      </object_component>
      <object_component id="oc-39f">
         <name>__TI_cinit_table</name>
         <load_address>0x1c2</load_address>
         <run_address>0x1c2</run_address>
         <size>0x4</size>
      </object_component>
      <object_component id="oc-6e">
         <name>.stack</name>
         <uninitialized>true</uninitialized>
         <run_address>0x400</run_address>
         <size>0x0</size>
         <input_file_ref idref="fl-1d"/>
      </object_component>
      <object_component id="oc-3a1">
         <name>.stack</name>
         <uninitialized>true</uninitialized>
         <run_address>0x400</run_address>
         <size>0x0</size>
      </object_component>
      <object_component id="oc-1f4">
         <name>.const:.string</name>
         <load_address>0xa80a</load_address>
         <run_address>0xa80a</run_address>
         <size>0x9a</size>
         <input_file_ref idref="fl-11"/>
      </object_component>
      <object_component id="oc-356">
         <name>.const:.string</name>
         <load_address>0xa8a4</load_address>
         <run_address>0xa8a4</run_address>
         <size>0x98</size>
         <input_file_ref idref="fl-e"/>
      </object_component>
      <object_component id="oc-1a8">
         <name>.const:.string</name>
         <load_address>0xa93c</load_address>
         <run_address>0xa93c</run_address>
         <size>0x91</size>
         <input_file_ref idref="fl-5"/>
      </object_component>
      <object_component id="oc-348">
         <name>.const:.string</name>
         <load_address>0xa9ce</load_address>
         <run_address>0xa9ce</run_address>
         <size>0x3e</size>
         <input_file_ref idref="fl-3"/>
      </object_component>
      <object_component id="oc-139">
         <name>.data</name>
         <load_address>0xa800</load_address>
         <run_address>0xa800</run_address>
         <size>0x6</size>
         <input_file_ref idref="fl-24"/>
      </object_component>
      <object_component id="oc-13c">
         <name>.data:_lock</name>
         <load_address>0xa806</load_address>
         <run_address>0xa806</run_address>
         <size>0x2</size>
         <input_file_ref idref="fl-25"/>
      </object_component>
      <object_component id="oc-1e6">
         <name>.data:_unlock</name>
         <load_address>0xa808</load_address>
         <run_address>0xa808</run_address>
         <size>0x2</size>
         <input_file_ref idref="fl-25"/>
      </object_component>
      <object_component id="oc-1fb">
         <name>.TI.ramfunc</name>
         <load_address>0x1b1</load_address>
         <run_address>0x1b1</run_address>
         <size>0x4</size>
         <input_file_ref idref="fl-11"/>
      </object_component>
      <object_component id="oc-92">
         <name>.debug_types</name>
         <load_address>0x0</load_address>
         <run_address>0x0</run_address>
         <size>0x347</size>
         <input_file_ref idref="fl-2"/>
      </object_component>
      <object_component id="oc-a0">
         <name>.debug_types</name>
         <load_address>0x347</load_address>
         <run_address>0x347</run_address>
         <size>0x639</size>
         <input_file_ref idref="fl-3"/>
      </object_component>
      <object_component id="oc-1e5">
         <name>.debug_types</name>
         <load_address>0x0</load_address>
         <run_address>0x0</run_address>
         <size>0x0</size>
         <input_file_ref idref="fl-4"/>
      </object_component>
      <object_component id="oc-1c2">
         <name>.debug_types</name>
         <load_address>0x980</load_address>
         <run_address>0x980</run_address>
         <size>0x1fad</size>
         <input_file_ref idref="fl-5"/>
      </object_component>
      <object_component id="oc-2e5">
         <name>.debug_types</name>
         <load_address>0x292d</load_address>
         <run_address>0x292d</run_address>
         <size>0x109</size>
         <input_file_ref idref="fl-e"/>
      </object_component>
      <object_component id="oc-a6">
         <name>.debug_types</name>
         <load_address>0x0</load_address>
         <run_address>0x0</run_address>
         <size>0x0</size>
         <input_file_ref idref="fl-f"/>
      </object_component>
      <object_component id="oc-a9">
         <name>.debug_types</name>
         <load_address>0x2a36</load_address>
         <run_address>0x2a36</run_address>
         <size>0x3b2</size>
         <input_file_ref idref="fl-10"/>
      </object_component>
      <object_component id="oc-20f">
         <name>.debug_types</name>
         <load_address>0x2de8</load_address>
         <run_address>0x2de8</run_address>
         <size>0xd4a</size>
         <input_file_ref idref="fl-11"/>
      </object_component>
      <object_component id="oc-100">
         <name>.debug_types</name>
         <load_address>0x0</load_address>
         <run_address>0x0</run_address>
         <size>0x0</size>
         <input_file_ref idref="fl-1f"/>
      </object_component>
      <object_component id="oc-14b">
         <name>.debug_types</name>
         <load_address>0x3b32</load_address>
         <run_address>0x3b32</run_address>
         <size>0x49b</size>
         <input_file_ref idref="fl-20"/>
      </object_component>
      <object_component id="oc-78">
         <name>.debug_types</name>
         <load_address>0x3fcd</load_address>
         <run_address>0x3fcd</run_address>
         <size>0x1c8</size>
         <input_file_ref idref="fl-22"/>
      </object_component>
      <object_component id="oc-70">
         <name>.debug_types</name>
         <load_address>0x4195</load_address>
         <run_address>0x4195</run_address>
         <size>0x191</size>
         <input_file_ref idref="fl-23"/>
      </object_component>
      <object_component id="oc-140">
         <name>.debug_types</name>
         <load_address>0x4326</load_address>
         <run_address>0x4326</run_address>
         <size>0xbf</size>
         <input_file_ref idref="fl-24"/>
      </object_component>
      <object_component id="oc-185">
         <name>.debug_types</name>
         <load_address>0x43e5</load_address>
         <run_address>0x43e5</run_address>
         <size>0x2f</size>
         <input_file_ref idref="fl-25"/>
      </object_component>
      <object_component id="oc-138">
         <name>.debug_types</name>
         <load_address>0x4414</load_address>
         <run_address>0x4414</run_address>
         <size>0xe1</size>
         <input_file_ref idref="fl-26"/>
      </object_component>
      <object_component id="oc-b0">
         <name>.debug_types</name>
         <load_address>0x44f5</load_address>
         <run_address>0x44f5</run_address>
         <size>0xe3</size>
         <input_file_ref idref="fl-29"/>
      </object_component>
      <object_component id="oc-18a">
         <name>.debug_types</name>
         <load_address>0x0</load_address>
         <run_address>0x0</run_address>
         <size>0x0</size>
         <input_file_ref idref="fl-2a"/>
      </object_component>
      <object_component id="oc-8f">
         <name>.debug_info</name>
         <load_address>0x0</load_address>
         <run_address>0x0</run_address>
         <size>0x181</size>
         <input_file_ref idref="fl-2"/>
      </object_component>
      <object_component id="oc-135">
         <name>.debug_info</name>
         <load_address>0x181</load_address>
         <run_address>0x181</run_address>
         <size>0x18f</size>
         <input_file_ref idref="fl-2"/>
      </object_component>
      <object_component id="oc-2d">
         <name>.debug_info</name>
         <load_address>0x310</load_address>
         <run_address>0x310</run_address>
         <size>0x13c</size>
         <input_file_ref idref="fl-2"/>
      </object_component>
      <object_component id="oc-3a">
         <name>.debug_info</name>
         <load_address>0x44c</load_address>
         <run_address>0x44c</run_address>
         <size>0x13c</size>
         <input_file_ref idref="fl-2"/>
      </object_component>
      <object_component id="oc-3f">
         <name>.debug_info</name>
         <load_address>0x588</load_address>
         <run_address>0x588</run_address>
         <size>0x13c</size>
         <input_file_ref idref="fl-2"/>
      </object_component>
      <object_component id="oc-45">
         <name>.debug_info</name>
         <load_address>0x6c4</load_address>
         <run_address>0x6c4</run_address>
         <size>0x13c</size>
         <input_file_ref idref="fl-2"/>
      </object_component>
      <object_component id="oc-4b">
         <name>.debug_info</name>
         <load_address>0x800</load_address>
         <run_address>0x800</run_address>
         <size>0x13c</size>
         <input_file_ref idref="fl-2"/>
      </object_component>
      <object_component id="oc-95">
         <name>.debug_info</name>
         <load_address>0x93c</load_address>
         <run_address>0x93c</run_address>
         <size>0x1c0</size>
         <input_file_ref idref="fl-3"/>
      </object_component>
      <object_component id="oc-34a">
         <name>.debug_info</name>
         <load_address>0xafc</load_address>
         <run_address>0xafc</run_address>
         <size>0x16f</size>
         <input_file_ref idref="fl-3"/>
      </object_component>
      <object_component id="oc-2e7">
         <name>.debug_info</name>
         <load_address>0xc6b</load_address>
         <run_address>0xc6b</run_address>
         <size>0x1dd</size>
         <input_file_ref idref="fl-3"/>
      </object_component>
      <object_component id="oc-30f">
         <name>.debug_info</name>
         <load_address>0xe48</load_address>
         <run_address>0xe48</run_address>
         <size>0x1a2</size>
         <input_file_ref idref="fl-3"/>
      </object_component>
      <object_component id="oc-31c">
         <name>.debug_info</name>
         <load_address>0xfea</load_address>
         <run_address>0xfea</run_address>
         <size>0x179</size>
         <input_file_ref idref="fl-3"/>
      </object_component>
      <object_component id="oc-16d">
         <name>.debug_info</name>
         <load_address>0x1163</load_address>
         <run_address>0x1163</run_address>
         <size>0x160</size>
         <input_file_ref idref="fl-3"/>
      </object_component>
      <object_component id="oc-1cc">
         <name>.debug_info</name>
         <load_address>0x12c3</load_address>
         <run_address>0x12c3</run_address>
         <size>0x17e</size>
         <input_file_ref idref="fl-3"/>
      </object_component>
      <object_component id="oc-1d8">
         <name>.debug_info</name>
         <load_address>0x1441</load_address>
         <run_address>0x1441</run_address>
         <size>0x14d</size>
         <input_file_ref idref="fl-3"/>
      </object_component>
      <object_component id="oc-247">
         <name>.debug_info</name>
         <load_address>0x158e</load_address>
         <run_address>0x158e</run_address>
         <size>0x172</size>
         <input_file_ref idref="fl-3"/>
      </object_component>
      <object_component id="oc-24d">
         <name>.debug_info</name>
         <load_address>0x1700</load_address>
         <run_address>0x1700</run_address>
         <size>0x172</size>
         <input_file_ref idref="fl-3"/>
      </object_component>
      <object_component id="oc-253">
         <name>.debug_info</name>
         <load_address>0x1872</load_address>
         <run_address>0x1872</run_address>
         <size>0x172</size>
         <input_file_ref idref="fl-3"/>
      </object_component>
      <object_component id="oc-259">
         <name>.debug_info</name>
         <load_address>0x19e4</load_address>
         <run_address>0x19e4</run_address>
         <size>0x172</size>
         <input_file_ref idref="fl-3"/>
      </object_component>
      <object_component id="oc-25f">
         <name>.debug_info</name>
         <load_address>0x1b56</load_address>
         <run_address>0x1b56</run_address>
         <size>0x172</size>
         <input_file_ref idref="fl-3"/>
      </object_component>
      <object_component id="oc-1d2">
         <name>.debug_info</name>
         <load_address>0x1cc8</load_address>
         <run_address>0x1cc8</run_address>
         <size>0x19d</size>
         <input_file_ref idref="fl-3"/>
      </object_component>
      <object_component id="oc-228">
         <name>.debug_info</name>
         <load_address>0x1e65</load_address>
         <run_address>0x1e65</run_address>
         <size>0x137</size>
         <input_file_ref idref="fl-3"/>
      </object_component>
      <object_component id="oc-22e">
         <name>.debug_info</name>
         <load_address>0x1f9c</load_address>
         <run_address>0x1f9c</run_address>
         <size>0x137</size>
         <input_file_ref idref="fl-3"/>
      </object_component>
      <object_component id="oc-234">
         <name>.debug_info</name>
         <load_address>0x20d3</load_address>
         <run_address>0x20d3</run_address>
         <size>0x137</size>
         <input_file_ref idref="fl-3"/>
      </object_component>
      <object_component id="oc-23a">
         <name>.debug_info</name>
         <load_address>0x220a</load_address>
         <run_address>0x220a</run_address>
         <size>0x137</size>
         <input_file_ref idref="fl-3"/>
      </object_component>
      <object_component id="oc-240">
         <name>.debug_info</name>
         <load_address>0x2341</load_address>
         <run_address>0x2341</run_address>
         <size>0x137</size>
         <input_file_ref idref="fl-3"/>
      </object_component>
      <object_component id="oc-33">
         <name>.debug_info</name>
         <load_address>0x2478</load_address>
         <run_address>0x2478</run_address>
         <size>0x1f7</size>
         <input_file_ref idref="fl-3"/>
      </object_component>
      <object_component id="oc-1de">
         <name>.debug_info</name>
         <load_address>0x266f</load_address>
         <run_address>0x266f</run_address>
         <size>0x166</size>
         <input_file_ref idref="fl-3"/>
      </object_component>
      <object_component id="oc-266">
         <name>.debug_info</name>
         <load_address>0x27d5</load_address>
         <run_address>0x27d5</run_address>
         <size>0x15e</size>
         <input_file_ref idref="fl-3"/>
      </object_component>
      <object_component id="oc-26c">
         <name>.debug_info</name>
         <load_address>0x2933</load_address>
         <run_address>0x2933</run_address>
         <size>0x15e</size>
         <input_file_ref idref="fl-3"/>
      </object_component>
      <object_component id="oc-272">
         <name>.debug_info</name>
         <load_address>0x2a91</load_address>
         <run_address>0x2a91</run_address>
         <size>0x15e</size>
         <input_file_ref idref="fl-3"/>
      </object_component>
      <object_component id="oc-278">
         <name>.debug_info</name>
         <load_address>0x2bef</load_address>
         <run_address>0x2bef</run_address>
         <size>0x15e</size>
         <input_file_ref idref="fl-3"/>
      </object_component>
      <object_component id="oc-27e">
         <name>.debug_info</name>
         <load_address>0x2d4d</load_address>
         <run_address>0x2d4d</run_address>
         <size>0x15e</size>
         <input_file_ref idref="fl-3"/>
      </object_component>
      <object_component id="oc-175">
         <name>.debug_info</name>
         <load_address>0x2eab</load_address>
         <run_address>0x2eab</run_address>
         <size>0x141</size>
         <input_file_ref idref="fl-4"/>
      </object_component>
      <object_component id="oc-1b6">
         <name>.debug_info</name>
         <load_address>0x2fec</load_address>
         <run_address>0x2fec</run_address>
         <size>0x151</size>
         <input_file_ref idref="fl-5"/>
      </object_component>
      <object_component id="oc-218">
         <name>.debug_info</name>
         <load_address>0x313d</load_address>
         <run_address>0x313d</run_address>
         <size>0x1b1</size>
         <input_file_ref idref="fl-5"/>
      </object_component>
      <object_component id="oc-19f">
         <name>.debug_info</name>
         <load_address>0x32ee</load_address>
         <run_address>0x32ee</run_address>
         <size>0x185</size>
         <input_file_ref idref="fl-5"/>
      </object_component>
      <object_component id="oc-191">
         <name>.debug_info</name>
         <load_address>0x3473</load_address>
         <run_address>0x3473</run_address>
         <size>0x158</size>
         <input_file_ref idref="fl-5"/>
      </object_component>
      <object_component id="oc-1c5">
         <name>.debug_info</name>
         <load_address>0x35cb</load_address>
         <run_address>0x35cb</run_address>
         <size>0x1b4</size>
         <input_file_ref idref="fl-5"/>
      </object_component>
      <object_component id="oc-15b">
         <name>.debug_info</name>
         <load_address>0x377f</load_address>
         <run_address>0x377f</run_address>
         <size>0x1e8</size>
         <input_file_ref idref="fl-5"/>
      </object_component>
      <object_component id="oc-1bc">
         <name>.debug_info</name>
         <load_address>0x3967</load_address>
         <run_address>0x3967</run_address>
         <size>0xd8d</size>
         <input_file_ref idref="fl-5"/>
      </object_component>
      <object_component id="oc-161">
         <name>.debug_info</name>
         <load_address>0x46f4</load_address>
         <run_address>0x46f4</run_address>
         <size>0x1da</size>
         <input_file_ref idref="fl-5"/>
      </object_component>
      <object_component id="oc-1ab">
         <name>.debug_info</name>
         <load_address>0x48ce</load_address>
         <run_address>0x48ce</run_address>
         <size>0x15b</size>
         <input_file_ref idref="fl-5"/>
      </object_component>
      <object_component id="oc-29">
         <name>.debug_info</name>
         <load_address>0x4a29</load_address>
         <run_address>0x4a29</run_address>
         <size>0x10e</size>
         <input_file_ref idref="fl-6"/>
      </object_component>
      <object_component id="oc-86">
         <name>.debug_info</name>
         <load_address>0x4b37</load_address>
         <run_address>0x4b37</run_address>
         <size>0x10f</size>
         <input_file_ref idref="fl-6"/>
      </object_component>
      <object_component id="oc-36c">
         <name>.debug_info</name>
         <load_address>0x4c46</load_address>
         <run_address>0x4c46</run_address>
         <size>0x1d0</size>
         <input_file_ref idref="fl-e"/>
      </object_component>
      <object_component id="oc-35e">
         <name>.debug_info</name>
         <load_address>0x4e16</load_address>
         <run_address>0x4e16</run_address>
         <size>0x23e</size>
         <input_file_ref idref="fl-e"/>
      </object_component>
      <object_component id="oc-353">
         <name>.debug_info</name>
         <load_address>0x5054</load_address>
         <run_address>0x5054</run_address>
         <size>0x1ca</size>
         <input_file_ref idref="fl-e"/>
      </object_component>
      <object_component id="oc-2fe">
         <name>.debug_info</name>
         <load_address>0x521e</load_address>
         <run_address>0x521e</run_address>
         <size>0x242</size>
         <input_file_ref idref="fl-e"/>
      </object_component>
      <object_component id="oc-317">
         <name>.debug_info</name>
         <load_address>0x5460</load_address>
         <run_address>0x5460</run_address>
         <size>0x243</size>
         <input_file_ref idref="fl-e"/>
      </object_component>
      <object_component id="oc-2f4">
         <name>.debug_info</name>
         <load_address>0x56a3</load_address>
         <run_address>0x56a3</run_address>
         <size>0x22b</size>
         <input_file_ref idref="fl-e"/>
      </object_component>
      <object_component id="oc-2f8">
         <name>.debug_info</name>
         <load_address>0x58ce</load_address>
         <run_address>0x58ce</run_address>
         <size>0x272</size>
         <input_file_ref idref="fl-e"/>
      </object_component>
      <object_component id="oc-304">
         <name>.debug_info</name>
         <load_address>0x5b40</load_address>
         <run_address>0x5b40</run_address>
         <size>0x25b</size>
         <input_file_ref idref="fl-e"/>
      </object_component>
      <object_component id="oc-221">
         <name>.debug_info</name>
         <load_address>0x5d9b</load_address>
         <run_address>0x5d9b</run_address>
         <size>0x214</size>
         <input_file_ref idref="fl-e"/>
      </object_component>
      <object_component id="oc-d1">
         <name>.debug_info</name>
         <load_address>0x5faf</load_address>
         <run_address>0x5faf</run_address>
         <size>0x1c3</size>
         <input_file_ref idref="fl-f"/>
      </object_component>
      <object_component id="oc-c9">
         <name>.debug_info</name>
         <load_address>0x6172</load_address>
         <run_address>0x6172</run_address>
         <size>0x1c5</size>
         <input_file_ref idref="fl-f"/>
      </object_component>
      <object_component id="oc-168">
         <name>.debug_info</name>
         <load_address>0x6337</load_address>
         <run_address>0x6337</run_address>
         <size>0x1d4</size>
         <input_file_ref idref="fl-f"/>
      </object_component>
      <object_component id="oc-53">
         <name>.debug_info</name>
         <load_address>0x650b</load_address>
         <run_address>0x650b</run_address>
         <size>0x1e1</size>
         <input_file_ref idref="fl-f"/>
      </object_component>
      <object_component id="oc-66">
         <name>.debug_info</name>
         <load_address>0x66ec</load_address>
         <run_address>0x66ec</run_address>
         <size>0x1c7</size>
         <input_file_ref idref="fl-f"/>
      </object_component>
      <object_component id="oc-69">
         <name>.debug_info</name>
         <load_address>0x68b3</load_address>
         <run_address>0x68b3</run_address>
         <size>0x1ad</size>
         <input_file_ref idref="fl-f"/>
      </object_component>
      <object_component id="oc-5a">
         <name>.debug_info</name>
         <load_address>0x6a60</load_address>
         <run_address>0x6a60</run_address>
         <size>0x1cf</size>
         <input_file_ref idref="fl-f"/>
      </object_component>
      <object_component id="oc-9d">
         <name>.debug_info</name>
         <load_address>0x6c2f</load_address>
         <run_address>0x6c2f</run_address>
         <size>0x278</size>
         <input_file_ref idref="fl-f"/>
      </object_component>
      <object_component id="oc-5d">
         <name>.debug_info</name>
         <load_address>0x6ea7</load_address>
         <run_address>0x6ea7</run_address>
         <size>0x1fd</size>
         <input_file_ref idref="fl-10"/>
      </object_component>
      <object_component id="oc-29e">
         <name>.debug_info</name>
         <load_address>0x70a4</load_address>
         <run_address>0x70a4</run_address>
         <size>0x210</size>
         <input_file_ref idref="fl-11"/>
      </object_component>
      <object_component id="oc-1f7">
         <name>.debug_info</name>
         <load_address>0x72b4</load_address>
         <run_address>0x72b4</run_address>
         <size>0x1d3</size>
         <input_file_ref idref="fl-11"/>
      </object_component>
      <object_component id="oc-32c">
         <name>.debug_info</name>
         <load_address>0x7487</load_address>
         <run_address>0x7487</run_address>
         <size>0x1a9</size>
         <input_file_ref idref="fl-11"/>
      </object_component>
      <object_component id="oc-203">
         <name>.debug_info</name>
         <load_address>0x7630</load_address>
         <run_address>0x7630</run_address>
         <size>0x1d8</size>
         <input_file_ref idref="fl-11"/>
      </object_component>
      <object_component id="oc-336">
         <name>.debug_info</name>
         <load_address>0x7808</load_address>
         <run_address>0x7808</run_address>
         <size>0x1cd</size>
         <input_file_ref idref="fl-11"/>
      </object_component>
      <object_component id="oc-2da">
         <name>.debug_info</name>
         <load_address>0x79d5</load_address>
         <run_address>0x79d5</run_address>
         <size>0x1eb</size>
         <input_file_ref idref="fl-11"/>
      </object_component>
      <object_component id="oc-2b0">
         <name>.debug_info</name>
         <load_address>0x7bc0</load_address>
         <run_address>0x7bc0</run_address>
         <size>0x1ed</size>
         <input_file_ref idref="fl-11"/>
      </object_component>
      <object_component id="oc-2b6">
         <name>.debug_info</name>
         <load_address>0x7dad</load_address>
         <run_address>0x7dad</run_address>
         <size>0x1f9</size>
         <input_file_ref idref="fl-11"/>
      </object_component>
      <object_component id="oc-2bc">
         <name>.debug_info</name>
         <load_address>0x7fa6</load_address>
         <run_address>0x7fa6</run_address>
         <size>0x1f7</size>
         <input_file_ref idref="fl-11"/>
      </object_component>
      <object_component id="oc-2d4">
         <name>.debug_info</name>
         <load_address>0x819d</load_address>
         <run_address>0x819d</run_address>
         <size>0x21e</size>
         <input_file_ref idref="fl-11"/>
      </object_component>
      <object_component id="oc-2a4">
         <name>.debug_info</name>
         <load_address>0x83bb</load_address>
         <run_address>0x83bb</run_address>
         <size>0x1f1</size>
         <input_file_ref idref="fl-11"/>
      </object_component>
      <object_component id="oc-2aa">
         <name>.debug_info</name>
         <load_address>0x85ac</load_address>
         <run_address>0x85ac</run_address>
         <size>0x1ef</size>
         <input_file_ref idref="fl-11"/>
      </object_component>
      <object_component id="oc-2c8">
         <name>.debug_info</name>
         <load_address>0x879b</load_address>
         <run_address>0x879b</run_address>
         <size>0x222</size>
         <input_file_ref idref="fl-11"/>
      </object_component>
      <object_component id="oc-2c2">
         <name>.debug_info</name>
         <load_address>0x89bd</load_address>
         <run_address>0x89bd</run_address>
         <size>0x222</size>
         <input_file_ref idref="fl-11"/>
      </object_component>
      <object_component id="oc-2ce">
         <name>.debug_info</name>
         <load_address>0x8bdf</load_address>
         <run_address>0x8bdf</run_address>
         <size>0x291</size>
         <input_file_ref idref="fl-11"/>
      </object_component>
      <object_component id="oc-326">
         <name>.debug_info</name>
         <load_address>0x8e70</load_address>
         <run_address>0x8e70</run_address>
         <size>0x20d</size>
         <input_file_ref idref="fl-11"/>
      </object_component>
      <object_component id="oc-1a3">
         <name>.debug_info</name>
         <load_address>0x907d</load_address>
         <run_address>0x907d</run_address>
         <size>0x26c</size>
         <input_file_ref idref="fl-11"/>
      </object_component>
      <object_component id="oc-197">
         <name>.debug_info</name>
         <load_address>0x92e9</load_address>
         <run_address>0x92e9</run_address>
         <size>0x3ec</size>
         <input_file_ref idref="fl-11"/>
      </object_component>
      <object_component id="oc-28b">
         <name>.debug_info</name>
         <load_address>0x96d5</load_address>
         <run_address>0x96d5</run_address>
         <size>0x245</size>
         <input_file_ref idref="fl-11"/>
      </object_component>
      <object_component id="oc-291">
         <name>.debug_info</name>
         <load_address>0x991a</load_address>
         <run_address>0x991a</run_address>
         <size>0x216</size>
         <input_file_ref idref="fl-11"/>
      </object_component>
      <object_component id="oc-1fd">
         <name>.debug_info</name>
         <load_address>0x9b30</load_address>
         <run_address>0x9b30</run_address>
         <size>0x22a</size>
         <input_file_ref idref="fl-11"/>
      </object_component>
      <object_component id="oc-1b0">
         <name>.debug_info</name>
         <load_address>0x9d5a</load_address>
         <run_address>0x9d5a</run_address>
         <size>0x216</size>
         <input_file_ref idref="fl-11"/>
      </object_component>
      <object_component id="oc-20a">
         <name>.debug_info</name>
         <load_address>0x9f70</load_address>
         <run_address>0x9f70</run_address>
         <size>0x4e3</size>
         <input_file_ref idref="fl-11"/>
      </object_component>
      <object_component id="oc-c0">
         <name>.debug_info</name>
         <load_address>0xa453</load_address>
         <run_address>0xa453</run_address>
         <size>0x140</size>
         <input_file_ref idref="fl-1d"/>
      </object_component>
      <object_component id="oc-299">
         <name>.debug_info</name>
         <load_address>0xa593</load_address>
         <run_address>0xa593</run_address>
         <size>0x10f</size>
         <input_file_ref idref="fl-1e"/>
      </object_component>
      <object_component id="oc-e7">
         <name>.debug_info</name>
         <load_address>0xa6a2</load_address>
         <run_address>0xa6a2</run_address>
         <size>0x135</size>
         <input_file_ref idref="fl-1f"/>
      </object_component>
      <object_component id="oc-104">
         <name>.debug_info</name>
         <load_address>0xa7d7</load_address>
         <run_address>0xa7d7</run_address>
         <size>0x1a7</size>
         <input_file_ref idref="fl-20"/>
      </object_component>
      <object_component id="oc-24">
         <name>.debug_info</name>
         <load_address>0xa97e</load_address>
         <run_address>0xa97e</run_address>
         <size>0x19f</size>
         <input_file_ref idref="fl-22"/>
      </object_component>
      <object_component id="oc-1b">
         <name>.debug_info</name>
         <load_address>0xab1d</load_address>
         <run_address>0xab1d</run_address>
         <size>0x1f4</size>
         <input_file_ref idref="fl-23"/>
      </object_component>
      <object_component id="oc-13a">
         <name>.debug_info</name>
         <load_address>0xad11</load_address>
         <run_address>0xad11</run_address>
         <size>0x186</size>
         <input_file_ref idref="fl-24"/>
      </object_component>
      <object_component id="oc-f5">
         <name>.debug_info</name>
         <load_address>0xae97</load_address>
         <run_address>0xae97</run_address>
         <size>0x191</size>
         <input_file_ref idref="fl-24"/>
      </object_component>
      <object_component id="oc-13d">
         <name>.debug_info</name>
         <load_address>0xb028</load_address>
         <run_address>0xb028</run_address>
         <size>0xef</size>
         <input_file_ref idref="fl-25"/>
      </object_component>
      <object_component id="oc-1e7">
         <name>.debug_info</name>
         <load_address>0xb117</load_address>
         <run_address>0xb117</run_address>
         <size>0xf3</size>
         <input_file_ref idref="fl-25"/>
      </object_component>
      <object_component id="oc-17e">
         <name>.debug_info</name>
         <load_address>0xb20a</load_address>
         <run_address>0xb20a</run_address>
         <size>0x1eb</size>
         <input_file_ref idref="fl-25"/>
      </object_component>
      <object_component id="oc-ee">
         <name>.debug_info</name>
         <load_address>0xb3f5</load_address>
         <run_address>0xb3f5</run_address>
         <size>0x145</size>
         <input_file_ref idref="fl-26"/>
      </object_component>
      <object_component id="oc-73">
         <name>.debug_info</name>
         <load_address>0xb53a</load_address>
         <run_address>0xb53a</run_address>
         <size>0x183</size>
         <input_file_ref idref="fl-29"/>
      </object_component>
      <object_component id="oc-147">
         <name>.debug_info</name>
         <load_address>0xb6bd</load_address>
         <run_address>0xb6bd</run_address>
         <size>0x12f</size>
         <input_file_ref idref="fl-2a"/>
      </object_component>
      <object_component id="oc-3a3">
         <name>.debug_info</name>
         <load_address>0xb7ec</load_address>
         <run_address>0xb7ec</run_address>
         <size>0xae</size>
      </object_component>
      <object_component id="oc-8d">
         <name>.debug_line</name>
         <load_address>0x0</load_address>
         <run_address>0x0</run_address>
         <size>0x7d</size>
         <input_file_ref idref="fl-2"/>
      </object_component>
      <object_component id="oc-133">
         <name>.debug_line</name>
         <load_address>0x7d</load_address>
         <run_address>0x7d</run_address>
         <size>0x52</size>
         <input_file_ref idref="fl-2"/>
      </object_component>
      <object_component id="oc-30">
         <name>.debug_line</name>
         <load_address>0xcf</load_address>
         <run_address>0xcf</run_address>
         <size>0x4e</size>
         <input_file_ref idref="fl-2"/>
      </object_component>
      <object_component id="oc-3d">
         <name>.debug_line</name>
         <load_address>0x11d</load_address>
         <run_address>0x11d</run_address>
         <size>0x4e</size>
         <input_file_ref idref="fl-2"/>
      </object_component>
      <object_component id="oc-42">
         <name>.debug_line</name>
         <load_address>0x16b</load_address>
         <run_address>0x16b</run_address>
         <size>0x4e</size>
         <input_file_ref idref="fl-2"/>
      </object_component>
      <object_component id="oc-48">
         <name>.debug_line</name>
         <load_address>0x1b9</load_address>
         <run_address>0x1b9</run_address>
         <size>0x4e</size>
         <input_file_ref idref="fl-2"/>
      </object_component>
      <object_component id="oc-4f">
         <name>.debug_line</name>
         <load_address>0x207</load_address>
         <run_address>0x207</run_address>
         <size>0x4e</size>
         <input_file_ref idref="fl-2"/>
      </object_component>
      <object_component id="oc-c5">
         <name>.debug_line</name>
         <load_address>0x255</load_address>
         <run_address>0x255</run_address>
         <size>0x21</size>
         <input_file_ref idref="fl-2"/>
      </object_component>
      <object_component id="oc-94">
         <name>.debug_line</name>
         <load_address>0x276</load_address>
         <run_address>0x276</run_address>
         <size>0x80</size>
         <input_file_ref idref="fl-3"/>
      </object_component>
      <object_component id="oc-34d">
         <name>.debug_line</name>
         <load_address>0x2f6</load_address>
         <run_address>0x2f6</run_address>
         <size>0x78</size>
         <input_file_ref idref="fl-3"/>
      </object_component>
      <object_component id="oc-2ea">
         <name>.debug_line</name>
         <load_address>0x36e</load_address>
         <run_address>0x36e</run_address>
         <size>0x7c</size>
         <input_file_ref idref="fl-3"/>
      </object_component>
      <object_component id="oc-312">
         <name>.debug_line</name>
         <load_address>0x3ea</load_address>
         <run_address>0x3ea</run_address>
         <size>0x78</size>
         <input_file_ref idref="fl-3"/>
      </object_component>
      <object_component id="oc-31b">
         <name>.debug_line</name>
         <load_address>0x462</load_address>
         <run_address>0x462</run_address>
         <size>0x78</size>
         <input_file_ref idref="fl-3"/>
      </object_component>
      <object_component id="oc-16c">
         <name>.debug_line</name>
         <load_address>0x4da</load_address>
         <run_address>0x4da</run_address>
         <size>0x4c</size>
         <input_file_ref idref="fl-3"/>
      </object_component>
      <object_component id="oc-1d0">
         <name>.debug_line</name>
         <load_address>0x526</load_address>
         <run_address>0x526</run_address>
         <size>0x4d</size>
         <input_file_ref idref="fl-3"/>
      </object_component>
      <object_component id="oc-1dc">
         <name>.debug_line</name>
         <load_address>0x573</load_address>
         <run_address>0x573</run_address>
         <size>0x4d</size>
         <input_file_ref idref="fl-3"/>
      </object_component>
      <object_component id="oc-24b">
         <name>.debug_line</name>
         <load_address>0x5c0</load_address>
         <run_address>0x5c0</run_address>
         <size>0x4c</size>
         <input_file_ref idref="fl-3"/>
      </object_component>
      <object_component id="oc-250">
         <name>.debug_line</name>
         <load_address>0x60c</load_address>
         <run_address>0x60c</run_address>
         <size>0x4c</size>
         <input_file_ref idref="fl-3"/>
      </object_component>
      <object_component id="oc-256">
         <name>.debug_line</name>
         <load_address>0x658</load_address>
         <run_address>0x658</run_address>
         <size>0x4c</size>
         <input_file_ref idref="fl-3"/>
      </object_component>
      <object_component id="oc-25d">
         <name>.debug_line</name>
         <load_address>0x6a4</load_address>
         <run_address>0x6a4</run_address>
         <size>0x4c</size>
         <input_file_ref idref="fl-3"/>
      </object_component>
      <object_component id="oc-263">
         <name>.debug_line</name>
         <load_address>0x6f0</load_address>
         <run_address>0x6f0</run_address>
         <size>0x4c</size>
         <input_file_ref idref="fl-3"/>
      </object_component>
      <object_component id="oc-1d6">
         <name>.debug_line</name>
         <load_address>0x73c</load_address>
         <run_address>0x73c</run_address>
         <size>0x4d</size>
         <input_file_ref idref="fl-3"/>
      </object_component>
      <object_component id="oc-22c">
         <name>.debug_line</name>
         <load_address>0x789</load_address>
         <run_address>0x789</run_address>
         <size>0x49</size>
         <input_file_ref idref="fl-3"/>
      </object_component>
      <object_component id="oc-232">
         <name>.debug_line</name>
         <load_address>0x7d2</load_address>
         <run_address>0x7d2</run_address>
         <size>0x49</size>
         <input_file_ref idref="fl-3"/>
      </object_component>
      <object_component id="oc-238">
         <name>.debug_line</name>
         <load_address>0x81b</load_address>
         <run_address>0x81b</run_address>
         <size>0x49</size>
         <input_file_ref idref="fl-3"/>
      </object_component>
      <object_component id="oc-23e">
         <name>.debug_line</name>
         <load_address>0x864</load_address>
         <run_address>0x864</run_address>
         <size>0x49</size>
         <input_file_ref idref="fl-3"/>
      </object_component>
      <object_component id="oc-244">
         <name>.debug_line</name>
         <load_address>0x8ad</load_address>
         <run_address>0x8ad</run_address>
         <size>0x49</size>
         <input_file_ref idref="fl-3"/>
      </object_component>
      <object_component id="oc-37">
         <name>.debug_line</name>
         <load_address>0x8f6</load_address>
         <run_address>0x8f6</run_address>
         <size>0x52</size>
         <input_file_ref idref="fl-3"/>
      </object_component>
      <object_component id="oc-1e2">
         <name>.debug_line</name>
         <load_address>0x948</load_address>
         <run_address>0x948</run_address>
         <size>0x4d</size>
         <input_file_ref idref="fl-3"/>
      </object_component>
      <object_component id="oc-26a">
         <name>.debug_line</name>
         <load_address>0x995</load_address>
         <run_address>0x995</run_address>
         <size>0x4b</size>
         <input_file_ref idref="fl-3"/>
      </object_component>
      <object_component id="oc-26f">
         <name>.debug_line</name>
         <load_address>0x9e0</load_address>
         <run_address>0x9e0</run_address>
         <size>0x4b</size>
         <input_file_ref idref="fl-3"/>
      </object_component>
      <object_component id="oc-276">
         <name>.debug_line</name>
         <load_address>0xa2b</load_address>
         <run_address>0xa2b</run_address>
         <size>0x4b</size>
         <input_file_ref idref="fl-3"/>
      </object_component>
      <object_component id="oc-27c">
         <name>.debug_line</name>
         <load_address>0xa76</load_address>
         <run_address>0xa76</run_address>
         <size>0x4b</size>
         <input_file_ref idref="fl-3"/>
      </object_component>
      <object_component id="oc-281">
         <name>.debug_line</name>
         <load_address>0xac1</load_address>
         <run_address>0xac1</run_address>
         <size>0x4b</size>
         <input_file_ref idref="fl-3"/>
      </object_component>
      <object_component id="oc-d6">
         <name>.debug_line</name>
         <load_address>0xb0c</load_address>
         <run_address>0xb0c</run_address>
         <size>0x13d</size>
         <input_file_ref idref="fl-3"/>
      </object_component>
      <object_component id="oc-174">
         <name>.debug_line</name>
         <load_address>0xc49</load_address>
         <run_address>0xc49</run_address>
         <size>0x4f</size>
         <input_file_ref idref="fl-4"/>
      </object_component>
      <object_component id="oc-285">
         <name>.debug_line</name>
         <load_address>0xc98</load_address>
         <run_address>0xc98</run_address>
         <size>0x21</size>
         <input_file_ref idref="fl-4"/>
      </object_component>
      <object_component id="oc-1b9">
         <name>.debug_line</name>
         <load_address>0xcb9</load_address>
         <run_address>0xcb9</run_address>
         <size>0x7a</size>
         <input_file_ref idref="fl-5"/>
      </object_component>
      <object_component id="oc-217">
         <name>.debug_line</name>
         <load_address>0xd33</load_address>
         <run_address>0xd33</run_address>
         <size>0x7e</size>
         <input_file_ref idref="fl-5"/>
      </object_component>
      <object_component id="oc-19e">
         <name>.debug_line</name>
         <load_address>0xdb1</load_address>
         <run_address>0xdb1</run_address>
         <size>0x7c</size>
         <input_file_ref idref="fl-5"/>
      </object_component>
      <object_component id="oc-194">
         <name>.debug_line</name>
         <load_address>0xe2d</load_address>
         <run_address>0xe2d</run_address>
         <size>0x7d</size>
         <input_file_ref idref="fl-5"/>
      </object_component>
      <object_component id="oc-1c4">
         <name>.debug_line</name>
         <load_address>0xeaa</load_address>
         <run_address>0xeaa</run_address>
         <size>0x7b</size>
         <input_file_ref idref="fl-5"/>
      </object_component>
      <object_component id="oc-15a">
         <name>.debug_line</name>
         <load_address>0xf25</load_address>
         <run_address>0xf25</run_address>
         <size>0x59</size>
         <input_file_ref idref="fl-5"/>
      </object_component>
      <object_component id="oc-1bf">
         <name>.debug_line</name>
         <load_address>0xf7e</load_address>
         <run_address>0xf7e</run_address>
         <size>0xb9</size>
         <input_file_ref idref="fl-5"/>
      </object_component>
      <object_component id="oc-160">
         <name>.debug_line</name>
         <load_address>0x1037</load_address>
         <run_address>0x1037</run_address>
         <size>0x53</size>
         <input_file_ref idref="fl-5"/>
      </object_component>
      <object_component id="oc-1aa">
         <name>.debug_line</name>
         <load_address>0x108a</load_address>
         <run_address>0x108a</run_address>
         <size>0x4d</size>
         <input_file_ref idref="fl-5"/>
      </object_component>
      <object_component id="oc-21d">
         <name>.debug_line</name>
         <load_address>0x10d7</load_address>
         <run_address>0x10d7</run_address>
         <size>0x64</size>
         <input_file_ref idref="fl-5"/>
      </object_component>
      <object_component id="oc-28">
         <name>.debug_line</name>
         <load_address>0x113b</load_address>
         <run_address>0x113b</run_address>
         <size>0x55</size>
         <input_file_ref idref="fl-6"/>
      </object_component>
      <object_component id="oc-89">
         <name>.debug_line</name>
         <load_address>0x1190</load_address>
         <run_address>0x1190</run_address>
         <size>0x5d</size>
         <input_file_ref idref="fl-6"/>
      </object_component>
      <object_component id="oc-36e">
         <name>.debug_line</name>
         <load_address>0x11ed</load_address>
         <run_address>0x11ed</run_address>
         <size>0x86</size>
         <input_file_ref idref="fl-e"/>
      </object_component>
      <object_component id="oc-361">
         <name>.debug_line</name>
         <load_address>0x1273</load_address>
         <run_address>0x1273</run_address>
         <size>0x8a</size>
         <input_file_ref idref="fl-e"/>
      </object_component>
      <object_component id="oc-351">
         <name>.debug_line</name>
         <load_address>0x12fd</load_address>
         <run_address>0x12fd</run_address>
         <size>0x86</size>
         <input_file_ref idref="fl-e"/>
      </object_component>
      <object_component id="oc-301">
         <name>.debug_line</name>
         <load_address>0x1383</load_address>
         <run_address>0x1383</run_address>
         <size>0x8e</size>
         <input_file_ref idref="fl-e"/>
      </object_component>
      <object_component id="oc-316">
         <name>.debug_line</name>
         <load_address>0x1411</load_address>
         <run_address>0x1411</run_address>
         <size>0xa2</size>
         <input_file_ref idref="fl-e"/>
      </object_component>
      <object_component id="oc-2f3">
         <name>.debug_line</name>
         <load_address>0x14b3</load_address>
         <run_address>0x14b3</run_address>
         <size>0x9f</size>
         <input_file_ref idref="fl-e"/>
      </object_component>
      <object_component id="oc-2fb">
         <name>.debug_line</name>
         <load_address>0x1552</load_address>
         <run_address>0x1552</run_address>
         <size>0x8d</size>
         <input_file_ref idref="fl-e"/>
      </object_component>
      <object_component id="oc-308">
         <name>.debug_line</name>
         <load_address>0x15df</load_address>
         <run_address>0x15df</run_address>
         <size>0x8d</size>
         <input_file_ref idref="fl-e"/>
      </object_component>
      <object_component id="oc-224">
         <name>.debug_line</name>
         <load_address>0x166c</load_address>
         <run_address>0x166c</run_address>
         <size>0x8d</size>
         <input_file_ref idref="fl-e"/>
      </object_component>
      <object_component id="oc-346">
         <name>.debug_line</name>
         <load_address>0x16f9</load_address>
         <run_address>0x16f9</run_address>
         <size>0xc0</size>
         <input_file_ref idref="fl-e"/>
      </object_component>
      <object_component id="oc-d3">
         <name>.debug_line</name>
         <load_address>0x17b9</load_address>
         <run_address>0x17b9</run_address>
         <size>0x8b</size>
         <input_file_ref idref="fl-f"/>
      </object_component>
      <object_component id="oc-cd">
         <name>.debug_line</name>
         <load_address>0x1844</load_address>
         <run_address>0x1844</run_address>
         <size>0x8b</size>
         <input_file_ref idref="fl-f"/>
      </object_component>
      <object_component id="oc-167">
         <name>.debug_line</name>
         <load_address>0x18cf</load_address>
[...]
         <unused_space>0x2000</unused_space>
         <attributes>RWIX</attributes>
         <usage_details>
         </usage_details>
      </memory_area>
      <memory_area display="yes" color="green">
         <name>RAMD2</name>
         <page_id>0x0</page_id>
         <origin>0x1a000</origin>
         <length>0x2000</length>
         <used_space>0x0</used_space>
         <unused_space>0x2000</unused_space>
         <attributes>RWIX</attributes>
         <usage_details>
         </usage_details>
      </memory_area>
      <memory_area display="yes" color="green">
         <name>RAMD3</name>
         <page_id>0x0</page_id>
         <origin>0x1c000</origin>
         <length>0x2000</length>
         <used_space>0x0</used_space>
         <unused_space>0x2000</unused_space>
         <attributes>RWIX</attributes>
         <usage_details>
         </usage_details>
      </memory_area>
      <memory_area display="yes" color="green">
         <name>RAMD4</name>
         <page_id>0x0</page_id>
         <origin>0x1e000</origin>
         <length>0x2000</length>
         <used_space>0x0</used_space>
         <unused_space>0x2000</unused_space>
         <attributes>RWIX</attributes>
         <usage_details>
         </usage_details>
      </memory_area>
      <memory_area display="yes" color="green">
         <name>RAMD5</name>
         <page_id>0x0</page_id>
         <origin>0x20000</origin>
         <length>0x2000</length>
         <used_space>0x0</used_space>
         <unused_space>0x2000</unused_space>
         <attributes>RWIX</attributes>
         <usage_details>
         </usage_details>
      </memory_area>
      <memory_area display="yes" color="green">
         <name>RAMLS8</name>
         <page_id>0x0</page_id>
         <origin>0x22000</origin>
         <length>0x2000</length>
         <used_space>0x0</used_space>
         <unused_space>0x2000</unused_space>
         <attributes>RWIX</attributes>
         <usage_details>
         </usage_details>
      </memory_area>
      <memory_area display="yes" color="green">
         <name>RAMLS9</name>
         <page_id>0x0</page_id>
         <origin>0x24000</origin>
         <length>0x2000</length>
         <used_space>0x0</used_space>
         <unused_space>0x2000</unused_space>
         <attributes>RWIX</attributes>
         <usage_details>
         </usage_details>
      </memory_area>
      <memory_area display="yes" color="green">
         <name>CPU1TOCPU2RAM</name>
         <page_id>0x0</page_id>
         <origin>0x3a000</origin>
         <length>0x400</length>
         <used_space>0x0</used_space>
         <unused_space>0x400</unused_space>
         <attributes>RWIX</attributes>
         <usage_details>
         </usage_details>
      </memory_area>
      <memory_area display="yes" color="green">
         <name>CPU2TOCPU1RAM</name>
         <page_id>0x0</page_id>
         <origin>0x3b000</origin>
         <length>0x400</length>
         <used_space>0x0</used_space>
         <unused_space>0x400</unused_space>
         <attributes>RWIX</attributes>
         <usage_details>
         </usage_details>
      </memory_area>
      <memory_area display="yes" color="green">
         <name>CANA_MSG_RAM</name>
         <page_id>0x0</page_id>
         <origin>0x49000</origin>
         <length>0x800</length>
         <used_space>0x0</used_space>
         <unused_space>0x800</unused_space>
         <attributes>RWIX</attributes>
         <usage_details>
         </usage_details>
      </memory_area>
      <memory_area display="yes" color="green">
         <name>CANB_MSG_RAM</name>
         <page_id>0x0</page_id>
         <origin>0x4b000</origin>
         <length>0x800</length>
         <used_space>0x0</used_space>
         <unused_space>0x800</unused_space>
         <attributes>RWIX</attributes>
         <usage_details>
         </usage_details>
      </memory_area>
      <memory_area display="yes" color="green">
         <name>FLASH_BANK0</name>
         <page_id>0x0</page_id>
         <origin>0x80000</origin>
         <length>0x20000</length>
         <used_space>0x0</used_space>
         <unused_space>0x20000</unused_space>
         <attributes>RWIX</attributes>
         <usage_details>
         </usage_details>
      </memory_area>
      <memory_area display="yes" color="green">
         <name>FLASH_BANK1</name>
         <page_id>0x0</page_id>
         <origin>0xa0000</origin>
         <length>0x20000</length>
         <used_space>0x0</used_space>
         <unused_space>0x20000</unused_space>
         <attributes>RWIX</attributes>
         <usage_details>
         </usage_details>
      </memory_area>
      <memory_area display="yes" color="green">
         <name>FLASH_BANK2</name>
         <page_id>0x0</page_id>
         <origin>0xc0000</origin>
         <length>0x20000</length>
         <used_space>0x0</used_space>
         <unused_space>0x20000</unused_space>
         <attributes>RWIX</attributes>
         <usage_details>
         </usage_details>
      </memory_area>
      <memory_area display="yes" color="green">
         <name>FLASH_BANK3</name>
         <page_id>0x0</page_id>
         <origin>0xe0000</origin>
         <length>0x20000</length>
         <used_space>0x0</used_space>
         <unused_space>0x20000</unused_space>
         <attributes>RWIX</attributes>
         <usage_details>
         </usage_details>
      </memory_area>
      <memory_area display="yes" color="green">
         <name>FLASH_BANK4</name>
         <page_id>0x0</page_id>
         <origin>0x100000</origin>
         <length>0x20000</length>
         <used_space>0x0</used_space>
         <unused_space>0x20000</unused_space>
         <attributes>RWIX</attributes>
         <usage_details>
         </usage_details>
      </memory_area>
      <memory_area display="no" color="green">
         <name>RESET</name>
         <page_id>0x0</page_id>
         <origin>0x3fffc0</origin>
         <length>0x2</length>
         <used_space>0x0</used_space>
         <unused_space>0x2</unused_space>
         <attributes>RWIX</attributes>
         <usage_details>
         </usage_details>
      </memory_area>
   </placement_map>
   <cptbl_list>
      <cptbl>
         <name>__TI_cinit_table</name>
         <cprec>
            <name>.data</name>
            <load_address>0x1b6</load_address>
            <load_size>0x8</load_size>
            <run_address>0xa800</run_address>
            <run_size>0xa</run_size>
            <compression>lzss</compression>
         </cprec>
      </cptbl>
   </cptbl_list>
   <handler_table>
      <handler_table_name>__TI_handler_table</handler_table_name>
      <handler>
         <index>0x0</index>
         <name>__TI_decompress_lzss</name>
      </handler>
      <handler>
         <index>0x1</index>
         <name>__TI_decompress_none</name>
      </handler>
   </handler_table>
   <symbol_table>
      <symbol id="sm-1">
         <name>__TI_CINIT_Base</name>
         <value>0x1c2</value>
      </symbol>
      <symbol id="sm-2">
         <name>__TI_CINIT_Limit</name>
         <value>0x1c6</value>
      </symbol>
      <symbol id="sm-3">
         <name>__TI_CINIT_Warm</name>
         <value>0x1c6</value>
      </symbol>
      <symbol id="sm-4">
         <name>__TI_Handler_Table_Base</name>
         <value>0x1be</value>
      </symbol>
      <symbol id="sm-5">
         <name>__TI_Handler_Table_Limit</name>
         <value>0x1c2</value>
      </symbol>
      <symbol id="sm-6">
         <name>__TI_STACK_SIZE</name>
         <value>0x3f8</value>
      </symbol>
      <symbol id="sm-7">
         <name>__TI_STACK_END</name>
         <value>0x7f8</value>
      </symbol>
      <symbol id="sm-8">
         <name>__TI_pprof_out_hndl</name>
         <value>0xffffffff</value>
      </symbol>
      <symbol id="sm-9">
         <name>__TI_prof_data_start</name>
         <value>0xffffffff</value>
      </symbol>
      <symbol id="sm-a">
         <name>__TI_prof_data_size</name>
         <value>0xffffffff</value>
      </symbol>
      <symbol id="sm-63">
         <name>INT_PS4_XINT_ISR</name>
         <value>0xc724</value>
         <object_component_ref idref="oc-44"/>
      </symbol>
      <symbol id="sm-64">
         <name>INT_PS2_XINT_ISR</name>
         <value>0xc6a8</value>
         <object_component_ref idref="oc-38"/>
      </symbol>
      <symbol id="sm-65">
         <name>main</name>
         <value>0xcd8e</value>
         <object_component_ref idref="oc-131"/>
      </symbol>
      <symbol id="sm-66">
         <name>INT_PS5_XINT_ISR</name>
         <value>0xc762</value>
         <object_component_ref idref="oc-4a"/>
      </symbol>
      <symbol id="sm-67">
         <name>INT_PS1_XINT_ISR</name>
         <value>0xc66a</value>
         <object_component_ref idref="oc-2c"/>
      </symbol>
      <symbol id="sm-68">
         <name>INT_PS3_XINT_ISR</name>
         <value>0xc6e6</value>
         <object_component_ref idref="oc-3e"/>
      </symbol>
      <symbol id="sm-131">
         <name>INPUTXBAR_init</name>
         <value>0xce24</value>
         <object_component_ref idref="oc-1d1"/>
      </symbol>
      <symbol id="sm-132">
         <name>INTERRUPT_init</name>
         <value>0xc7a0</value>
         <object_component_ref idref="oc-32"/>
      </symbol>
      <symbol id="sm-133">
         <name>PinMux_init</name>
         <value>0xcbac</value>
         <object_component_ref idref="oc-1cb"/>
      </symbol>
      <symbol id="sm-134">
         <name>myINPUTXBARINPUT4_init</name>
         <value>0xceb0</value>
         <object_component_ref idref="oc-23f"/>
      </symbol>
      <symbol id="sm-135">
         <name>myINPUTXBARINPUT3_init</name>
         <value>0xcea9</value>
         <object_component_ref idref="oc-239"/>
      </symbol>
      <symbol id="sm-136">
         <name>myINPUTXBARINPUT2_init</name>
         <value>0xcea2</value>
         <object_component_ref idref="oc-233"/>
      </symbol>
      <symbol id="sm-137">
         <name>myINPUTXBARINPUT1_init</name>
         <value>0xce9b</value>
         <object_component_ref idref="oc-22d"/>
      </symbol>
      <symbol id="sm-138">
         <name>myINPUTXBARINPUT0_init</name>
         <value>0xce94</value>
         <object_component_ref idref="oc-227"/>
      </symbol>
      <symbol id="sm-139">
         <name>PS1_init</name>
         <value>0xccfc</value>
         <object_component_ref idref="oc-246"/>
      </symbol>
      <symbol id="sm-13a">
         <name>PS3_init</name>
         <value>0xcd24</value>
         <object_component_ref idref="oc-252"/>
      </symbol>
      <symbol id="sm-13b">
         <name>PS2_init</name>
         <value>0xcd10</value>
         <object_component_ref idref="oc-24c"/>
      </symbol>
      <symbol id="sm-13c">
         <name>PS5_init</name>
         <value>0xcd4c</value>
         <object_component_ref idref="oc-25e"/>
      </symbol>
      <symbol id="sm-13d">
         <name>PS4_init</name>
         <value>0xcd38</value>
         <object_component_ref idref="oc-258"/>
      </symbol>
      <symbol id="sm-13e">
         <name>Board_init</name>
         <value>0xcd9d</value>
         <object_component_ref idref="oc-16b"/>
      </symbol>
      <symbol id="sm-13f">
         <name>XINT_init</name>
         <value>0xce45</value>
         <object_component_ref idref="oc-1dd"/>
      </symbol>
      <symbol id="sm-140">
         <name>GPIO_init</name>
         <value>0xce19</value>
         <object_component_ref idref="oc-1d7"/>
      </symbol>
      <symbol id="sm-141">
         <name>PS4_XINT_init</name>
         <value>0xcdf5</value>
         <object_component_ref idref="oc-277"/>
      </symbol>
      <symbol id="sm-142">
         <name>PS5_XINT_init</name>
         <value>0xce01</value>
         <object_component_ref idref="oc-27d"/>
      </symbol>
      <symbol id="sm-143">
         <name>PS2_XINT_init</name>
         <value>0xcddd</value>
         <object_component_ref idref="oc-26b"/>
      </symbol>
      <symbol id="sm-144">
         <name>PS3_XINT_init</name>
         <value>0xcde9</value>
         <object_component_ref idref="oc-271"/>
      </symbol>
      <symbol id="sm-145">
         <name>PS1_XINT_init</name>
         <value>0xcdd1</value>
         <object_component_ref idref="oc-265"/>
      </symbol>
      <symbol id="sm-152">
         <name>C2000Ware_libraries_init</name>
         <value>0xcec3</value>
         <object_component_ref idref="oc-171"/>
      </symbol>
      <symbol id="sm-1a2">
         <name>Device_enableAllPeripherals</name>
         <value>0xc000</value>
         <object_component_ref idref="oc-1bb"/>
      </symbol>
      <symbol id="sm-1a3">
         <name>Device_initGPIO</name>
         <value>0xcab1</value>
         <object_component_ref idref="oc-15f"/>
      </symbol>
      <symbol id="sm-1a4">
         <name>Device_init</name>
         <value>0xc92d</value>
         <object_component_ref idref="oc-159"/>
      </symbol>
      <symbol id="sm-1a5">
         <name>__error__</name>
         <value>0xce8d</value>
         <object_component_ref idref="oc-1a9"/>
      </symbol>
      <symbol id="sm-1b4">
         <name>code_start</name>
         <value>0x0</value>
         <object_component_ref idref="oc-27"/>
      </symbol>
      <symbol id="sm-21f">
         <name>GPIO_setQualificationMode</name>
         <value>0xc8bf</value>
         <object_component_ref idref="oc-2f7"/>
      </symbol>
      <symbol id="sm-220">
         <name>GPIO_setPadConfig</name>
         <value>0xc546</value>
         <object_component_ref idref="oc-2f1"/>
      </symbol>
      <symbol id="sm-221">
         <name>GPIO_setInterruptPin</name>
         <value>0xc851</value>
         <object_component_ref idref="oc-314"/>
      </symbol>
      <symbol id="sm-222">
         <name>GPIO_setDirectionMode</name>
         <value>0xc961</value>
         <object_component_ref idref="oc-2fd"/>
      </symbol>
      <symbol id="sm-223">
         <name>GPIO_setPinConfig</name>
         <value>0xc888</value>
         <object_component_ref idref="oc-220"/>
      </symbol>
      <symbol id="sm-224">
         <name>GPIO_setControllerCore</name>
         <value>0xc81a</value>
         <object_component_ref idref="oc-303"/>
      </symbol>
      <symbol id="sm-273">
         <name>Interrupt_defaultHandler</name>
         <value>0xcc56</value>
         <object_component_ref idref="oc-50"/>
      </symbol>
      <symbol id="sm-274">
         <name>Interrupt_initModule</name>
         <value>0xc7dd</value>
         <object_component_ref idref="oc-165"/>
      </symbol>
      <symbol id="sm-275">
         <name>Interrupt_nmiHandler</name>
         <value>0xce5a</value>
         <object_component_ref idref="oc-68"/>
      </symbol>
      <symbol id="sm-276">
         <name>Interrupt_enable</name>
         <value>0xc8f6</value>
         <object_component_ref idref="oc-99"/>
      </symbol>
      <symbol id="sm-277">
         <name>Interrupt_initVectorTable</name>
         <value>0xcb57</value>
         <object_component_ref idref="oc-56"/>
      </symbol>
      <symbol id="sm-278">
         <name>Interrupt_illegalOperationHandler</name>
         <value>0xce50</value>
         <object_component_ref idref="oc-62"/>
      </symbol>
      <symbol id="sm-39d">
         <name>SysCtl_isPLLValid</name>
         <value>0xc2c6</value>
         <object_component_ref idref="oc-208"/>
      </symbol>
      <symbol id="sm-39e">
         <name>SysCtl_delay</name>
         <value>0x1b1</value>
         <object_component_ref idref="oc-1fb"/>
      </symbol>
      <symbol id="sm-39f">
         <name>SysCtl_selectXTALSingleEnded</name>
         <value>0xca68</value>
         <object_component_ref idref="oc-290"/>
      </symbol>
      <symbol id="sm-3a0">
         <name>SysCtl_selectXTAL</name>
         <value>0xc5df</value>
         <object_component_ref idref="oc-28a"/>
      </symbol>
      <symbol id="sm-3a1">
         <name>SysCtl_selectOscSource</name>
         <value>0xc598</value>
         <object_component_ref idref="oc-1fc"/>
      </symbol>
      <symbol id="sm-3a2">
         <name>SysCtl_getLowSpeedClock</name>
         <value>0xcbc6</value>
         <object_component_ref idref="oc-1af"/>
      </symbol>
      <symbol id="sm-3a3">
         <name>SysCtl_setClock</name>
         <value>0xc1a0</value>
         <object_component_ref idref="oc-196"/>
      </symbol>
      <symbol id="sm-3a4">
         <name>SysCtl_getClock</name>
         <value>0xc4e1</value>
         <object_component_ref idref="oc-1a2"/>
      </symbol>
      <symbol id="sm-3ae">
         <name>_c_int00</name>
         <value>0xcbf9</value>
         <object_component_ref idref="oc-bd"/>
      </symbol>
      <symbol id="sm-3af">
         <name>__stack</name>
         <value>0x400</value>
         <object_component_ref idref="oc-6e"/>
      </symbol>
      <symbol id="sm-3bc">
         <name>__c28xabi_divf</name>
         <value>0xc3e6</value>
         <object_component_ref idref="oc-298"/>
      </symbol>
      <symbol id="sm-3c9">
         <name>_system_pre_init</name>
         <value>0xcec1</value>
         <object_component_ref idref="oc-e6"/>
      </symbol>
      <symbol id="sm-3d8">
         <name>__TI_auto_init_nobinit_nopinit</name>
         <value>0xc9c0</value>
         <object_component_ref idref="oc-101"/>
      </symbol>
      <symbol id="sm-3e6">
         <name>__TI_decompress_none</name>
         <value>0xce76</value>
         <object_component_ref idref="oc-20"/>
      </symbol>
      <symbol id="sm-3fa">
         <name>__TI_decompress_lzss</name>
         <value>0xc992</value>
         <object_component_ref idref="oc-1a"/>
      </symbol>
      <symbol id="sm-410">
         <name>C$$EXIT</name>
         <value>0xca3f</value>
         <object_component_ref idref="oc-f3"/>
      </symbol>
      <symbol id="sm-411">
         <name>abort</name>
         <value>0xca3f</value>
         <object_component_ref idref="oc-f3"/>
      </symbol>
      <symbol id="sm-412">
         <name>exit</name>
         <value>0xca41</value>
         <object_component_ref idref="oc-f3"/>
      </symbol>
      <symbol id="sm-413">
         <name>__TI_dtors_ptr</name>
         <value>0xa804</value>
         <object_component_ref idref="oc-139"/>
      </symbol>
      <symbol id="sm-414">
         <name>__TI_cleanup_ptr</name>
         <value>0xa802</value>
         <object_component_ref idref="oc-139"/>
      </symbol>
      <symbol id="sm-415">
         <name>__TI_enable_exit_profile_output</name>
         <value>0xa800</value>
         <object_component_ref idref="oc-139"/>
      </symbol>
      <symbol id="sm-42c">
         <name>_nop</name>
         <value>0xce75</value>
         <object_component_ref idref="oc-17d"/>
      </symbol>
      <symbol id="sm-42d">
         <name>_lock</name>
         <value>0xa806</value>
         <object_component_ref idref="oc-13c"/>
      </symbol>
      <symbol id="sm-42e">
         <name>_unlock</name>
         <value>0xa808</value>
         <object_component_ref idref="oc-1e6"/>
      </symbol>
      <symbol id="sm-42f">
         <name>_register_lock</name>
         <value>0xce71</value>
         <object_component_ref idref="oc-17d"/>
      </symbol>
      <symbol id="sm-430">
         <name>_register_unlock</name>
         <value>0xce6d</value>
         <object_component_ref idref="oc-17d"/>
      </symbol>
      <symbol id="sm-43f">
         <name>_args_main</name>
         <value>0xce0d</value>
         <object_component_ref idref="oc-ed"/>
      </symbol>
      <symbol id="sm-453">
         <name>memcpy</name>
         <value>0xcb75</value>
         <object_component_ref idref="oc-71"/>
      </symbol>
      <symbol id="sm-460">
         <name>_system_post_cinit</name>
         <value>0xcec4</value>
         <object_component_ref idref="oc-144"/>
      </symbol>
      <symbol id="sm-462">
         <name>__c_args__</name>
         <value>0x0</value>
      </symbol>
   </symbol_table>
   <title>Link successful</title>
</link_info>
