******************************************************************************
             TMS320C2000 Linker PC v22.6.3                     
******************************************************************************
>> Linked Wed Jan 21 15:25:40 2026

OUTPUT FILE NAME:   <empty_driverlib_project.out>
ENTRY POINT SYMBOL: "code_start"  address: 00000000


MEMORY CONFIGURATION

         name            origin    length      used     unused   attr    fill
----------------------  --------  ---------  --------  --------  ----  --------
  BEGIN                 00000000   00000002  00000002  00000000  RWIX
  BOOT_RSVD             00000002   000001af  00000000  000001af  RWIX
  RAMM0                 000001b1   0000024f  00000014  0000023b  RWIX
  RAMM1                 00000400   00000400  000003f8  00000008  RWIX
  CLATOCPURAM           00001480   00000080  00000000  00000080  RWIX
  CPUTOCLARAM           00001500   00000080  00000000  00000080  RWIX
  CLATODMARAM           00001680   00000080  00000000  00000080  RWIX
  DMATOCLARAM           00001700   00000080  00000000  00000080  RWIX
  RAMLS0                00008000   00000800  00000000  00000800  RWIX
  RAMLS1                00008800   00000800  00000000  00000800  RWIX
  RAMLS2                00009000   00000800  00000000  00000800  RWIX
  RAMLS3                00009800   00000800  00000000  00000800  RWIX
  RAMLS4                0000a000   00000800  00000000  00000800  RWIX
  RAMLS5                0000a800   00000800  0000020c  000005f4  RWIX
  RAMLS6                0000b000   00000800  00000000  00000800  RWIX
  RAMLS7                0000b800   00000800  00000000  00000800  RWIX
  RAMD0                 0000c000   00002000  00000ec5  0000113b  RWIX
  RAMD1                 0000e000   00002000  00000000  00002000  RWIX
  RAMGS0                00010000   00002000  00000000  00002000  RWIX
  RAMGS1                00012000   00002000  00000000  00002000  RWIX
  RAMGS2                00014000   00002000  00000000  00002000  RWIX
  RAMGS3                00016000   00002000  00000000  00002000  RWIX
  RAMGS4                00018000   00002000  00000000  00002000  RWIX
  RAMD2                 0001a000   00002000  00000000  00002000  RWIX
  RAMD3                 0001c000   00002000  00000000  00002000  RWIX
  RAMD4                 0001e000   00002000  00000000  00002000  RWIX
  RAMD5                 00020000   00002000  00000000  00002000  RWIX
  RAMLS8                00022000   00002000  00000000  00002000  RWIX
  RAMLS9                00024000   00002000  00000000  00002000  RWIX
  CPU1TOCPU2RAM         0003a000   00000400  00000000  00000400  RWIX
  CPU2TOCPU1RAM         0003b000   00000400  00000000  00000400  RWIX
  CANA_MSG_RAM          00049000   00000800  00000000  00000800  RWIX
  CANB_MSG_RAM          0004b000   00000800  00000000  00000800  RWIX
  FLASH_BANK0           00080000   00020000  00000000  00020000  RWIX
  FLASH_BANK1           000a0000   00020000  00000000  00020000  RWIX
  FLASH_BANK2           000c0000   00020000  00000000  00020000  RWIX
  FLASH_BANK3           000e0000   00020000  00000000  00020000  RWIX
  FLASH_BANK4           00100000   00020000  00000000  00020000  RWIX
  RESET                 003fffc0   00000002  00000000  00000002  RWIX


SECTION ALLOCATION MAP

 output                                  attributes/
section   page    origin      length       input sections
--------  ----  ----------  ----------   ----------------
codestart 
*          0    00000000    00000002     
                  00000000    00000002     f28p65x_codestartbranch.obj (codestart)

.cinit     0    000001b6    00000010     
                  000001b6    00000008     (.cinit..data.load) [load image, compression = lzss]
                  000001be    00000004     (__TI_handler_table)
                  000001c2    00000004     (__TI_cinit_table)

.reset     0    003fffc0    00000000     DSECT

.stack     0    00000400    000003f8     UNINITIALIZED
                  00000400    000003f8     --HOLE--

.init_array 
*          0    000001b1    00000000     UNINITIALIZED

.data      0    0000a800    0000000a     UNINITIALIZED
                  0000a800    00000006     rts2800_fpu64_eabi.lib : exit.c.obj (.data)
                  0000a806    00000002                            : _lock.c.obj (.data:_lock)
                  0000a808    00000002                            : _lock.c.obj (.data:_unlock)

.const     0    0000a80a    00000202     
                  0000a80a    0000009a     driverlib.lib : sysctl.obj (.const:.string)
                  0000a8a4    00000098                   : gpio.obj (.const:.string)
                  0000a93c    00000091     device.obj (.const:.string)
                  0000a9cd    00000001     --HOLE-- [fill = 0]
                  0000a9ce    0000003e     board.obj (.const:.string)

.TI.ramfunc 
*          0    000001b1    00000004     
                  000001b1    00000004     driverlib.lib : sysctl.obj (.TI.ramfunc)

.text      0    0000c000    00000ec5     
                  0000c000    000001a0     device.obj (.text:Device_enableAllPeripherals)
                  0000c1a0    00000126     driverlib.lib : sysctl.obj (.text:SysCtl_setClock)
                  0000c2c6    00000120                   : sysctl.obj (.text:SysCtl_isPLLValid)
                  0000c3e6    00000088     rts2800_fpu64_eabi.lib : fs_div28.asm.obj (.text)
                  0000c46e    00000073     driverlib.lib : sysctl.obj (.text:DCC_setCounterSeeds)
                  0000c4e1    00000065                   : sysctl.obj (.text:SysCtl_getClock)
                  0000c546    00000052                   : gpio.obj (.text:GPIO_setPadConfig)
                  0000c598    00000047                   : sysctl.obj (.text:SysCtl_selectOscSource)
                  0000c5df    00000046                   : sysctl.obj (.text:SysCtl_selectXTAL)
                  0000c625    00000045                   : sysctl.obj (.text:SysCtl_pollX1Counter)
                  0000c66a    0000003e     generalpurpose.obj (.text:INT_PS1_XINT_ISR)
                  0000c6a8    0000003e     generalpurpose.obj (.text:INT_PS2_XINT_ISR)
                  0000c6e6    0000003e     generalpurpose.obj (.text:INT_PS3_XINT_ISR)
                  0000c724    0000003e     generalpurpose.obj (.text:INT_PS4_XINT_ISR)
                  0000c762    0000003e     generalpurpose.obj (.text:INT_PS5_XINT_ISR)
                  0000c7a0    0000003d     board.obj (.text:INTERRUPT_init)
                  0000c7dd    0000003d     driverlib.lib : interrupt.obj (.text:Interrupt_initModule)
                  0000c81a    00000037                   : gpio.obj (.text:GPIO_setControllerCore)
                  0000c851    00000037                   : gpio.obj (.text:GPIO_setInterruptPin)
                  0000c888    00000037                   : gpio.obj (.text:GPIO_setPinConfig)
                  0000c8bf    00000037                   : gpio.obj (.text:GPIO_setQualificationMode)
                  0000c8f6    00000037                   : interrupt.obj (.text:Interrupt_enable)
                  0000c92d    00000034     device.obj (.text:Device_init)
                  0000c961    00000031     driverlib.lib : gpio.obj (.text:GPIO_setDirectionMode)
                  0000c992    0000002e     rts2800_fpu64_eabi.lib : copy_decompress_lzss.c.obj (.text:decompress:lzss)
                  0000c9c0    0000002b                            : autoinit.c.obj (.text:__TI_auto_init_nobinit_nopinit)
                  0000c9eb    0000002a     board.obj (.text:XBAR_setInputPin)
                  0000ca15    0000002a     driverlib.lib : gpio.obj (.text:XBAR_setInputPin)
                  0000ca3f    00000029     rts2800_fpu64_eabi.lib : exit.c.obj (.text)
                  0000ca68    00000025     driverlib.lib : sysctl.obj (.text:SysCtl_selectXTALSingleEnded)
                  0000ca8d    00000024                   : sysctl.obj (.text:DCC_enableSingleShotMode)
                  0000cab1    00000024     device.obj (.text:Device_initGPIO)
                  0000cad5    00000023     board.obj (.text:XBAR_isBaseValid)
                  0000caf8    00000023     driverlib.lib : gpio.obj (.text:XBAR_isBaseValid)
                  0000cb1b    0000001e                   : sysctl.obj (.text:DCC_setCounter0ClkSource)
                  0000cb39    0000001e                   : sysctl.obj (.text:DCC_setCounter1ClkSource)
                  0000cb57    0000001e                   : interrupt.obj (.text:Interrupt_initVectorTable)
                  0000cb75    0000001d     rts2800_fpu64_eabi.lib : memcpy.c.obj (.text)
                  0000cb92    0000001a     driverlib.lib : sysctl.obj (.text:DCC_isBaseValid)
                  0000cbac    0000001a     board.obj (.text:PinMux_init)
                  0000cbc6    0000001a     driverlib.lib : sysctl.obj (.text:SysCtl_getLowSpeedClock)
                  0000cbe0    00000019                   : sysctl.obj (.text:SysCtl_setPLLSysClk)
                  0000cbf9    00000019     rts2800_fpu64_eabi.lib : boot28.asm.obj (.text)
                  0000cc12    00000017     device.obj (.text:SysCtl_enablePeripheral)
                  0000cc29    00000017     driverlib.lib : sysctl.obj (.text:SysCtl_enablePeripheral)
                  0000cc40    00000016                   : sysctl.obj (.text:DCC_disableDoneSignal)
                  0000cc56    00000016                   : interrupt.obj (.text:Interrupt_defaultHandler)
                  0000cc6c    00000015                   : sysctl.obj (.text:DCC_clearDoneFlag)
                  0000cc81    00000015                   : sysctl.obj (.text:DCC_clearErrorFlag)
                  0000cc96    00000015                   : sysctl.obj (.text:DCC_disableErrorSignal)
                  0000ccab    00000015     device.obj (.text:GPIO_unlockPortConfig)
                  0000ccc0    00000014     driverlib.lib : sysctl.obj (.text:DCC_disableModule)
                  0000ccd4    00000014                   : sysctl.obj (.text:DCC_enableModule)
                  0000cce8    00000014                   : gpio.obj (.text:GPIO_isPinValid)
                  0000ccfc    00000014     board.obj (.text:PS1_init)
                  0000cd10    00000014     board.obj (.text:PS2_init)
                  0000cd24    00000014     board.obj (.text:PS3_init)
                  0000cd38    00000014     board.obj (.text:PS4_init)
                  0000cd4c    00000014     board.obj (.text:PS5_init)
                  0000cd60    00000010     board.obj (.text:GPIO_setInterruptType)
                  0000cd70    0000000f     board.obj (.text:Interrupt_register)
                  0000cd7f    0000000f     driverlib.lib : ipc.obj (.text:Interrupt_unregister)
                  0000cd8e    0000000f     generalpurpose.obj (.text:main)
                  0000cd9d    0000000d     board.obj (.text:Board_init)
                  0000cdaa    0000000d     driverlib.lib : interrupt.obj (.text:Interrupt_disableGlobal)
                  0000cdb7    0000000d                   : interrupt.obj (.text:Interrupt_enableGlobal)
                  0000cdc4    0000000d     device.obj (.text:SysCtl_setLowSpeedClock)
                  0000cdd1    0000000c     board.obj (.text:PS1_XINT_init)
                  0000cddd    0000000c     board.obj (.text:PS2_XINT_init)
                  0000cde9    0000000c     board.obj (.text:PS3_XINT_init)
                  0000cdf5    0000000c     board.obj (.text:PS4_XINT_init)
                  0000ce01    0000000c     board.obj (.text:PS5_XINT_init)
                  0000ce0d    0000000c     rts2800_fpu64_eabi.lib : args_main.c.obj (.text)
                  0000ce19    0000000b     board.obj (.text:GPIO_init)
                  0000ce24    0000000b     board.obj (.text:INPUTXBAR_init)
                  0000ce2f    0000000b     device.obj (.text:SysCtl_disableWatchdog)
                  0000ce3a    0000000b     driverlib.lib : sysctl.obj (.text:SysCtl_isMCDClockFailureDetected)
                  0000ce45    0000000b     board.obj (.text:XINT_init)
                  0000ce50    0000000a     driverlib.lib : interrupt.obj (.text:Interrupt_illegalOperationHandler)
                  0000ce5a    0000000a                   : interrupt.obj (.text:Interrupt_nmiHandler)
                  0000ce64    00000009     board.obj (.text:GPIO_enableInterrupt)
                  0000ce6d    00000009     rts2800_fpu64_eabi.lib : _lock.c.obj (.text)
                  0000ce76    00000008                            : copy_decompress_none.c.obj (.text:decompress:none)
                  0000ce7e    00000008     f28p65x_codestartbranch.obj (.text)
                  0000ce86    00000007     driverlib.lib : sysctl.obj (.text:SysCtl_resetMCD)
                  0000ce8d    00000007     device.obj (.text:__error__)
                  0000ce94    00000007     board.obj (.text:myINPUTXBARINPUT0_init)
                  0000ce9b    00000007     board.obj (.text:myINPUTXBARINPUT1_init)
                  0000cea2    00000007     board.obj (.text:myINPUTXBARINPUT2_init)
                  0000cea9    00000007     board.obj (.text:myINPUTXBARINPUT3_init)
                  0000ceb0    00000007     board.obj (.text:myINPUTXBARINPUT4_init)
                  0000ceb7    00000006     generalpurpose.obj (.text:Interrupt_clearACKGroup)
                  0000cebd    00000004     device.obj (.text:SysCtl_deviceCal)
                  0000cec1    00000002     rts2800_fpu64_eabi.lib : pre_init.c.obj (.text)
                  0000cec3    00000001     c2000ware_libraries.obj (.text:C2000Ware_libraries_init)
                  0000cec4    00000001     rts2800_fpu64_eabi.lib : startup.c.obj (.text)

MODULE SUMMARY

       Module                        code   ro data   rw data
       ------                        ----   -------   -------
    .\
       generalpurpose.obj            331    0         0      
    +--+-----------------------------+------+---------+---------+
       Total:                        331    0         0      
                                                             
    .\device\
       device.obj                    583    145       0      
       f28p65x_codestartbranch.obj   10     0         0      
    +--+-----------------------------+------+---------+---------+
       Total:                        593    145       0      
                                                             
    .\syscfg\
       board.obj                     445    62        0      
       c2000ware_libraries.obj       1      0         0      
    +--+-----------------------------+------+---------+---------+
       Total:                        446    62        0      
                                                             
    C:/ti/C2000Ware_6_00_01_00/driverlib/f28p65x/driverlib/ccs/Debug/driverlib.lib
       sysctl.obj                    1388   154       0      
       gpio.obj                      448    152       0      
       interrupt.obj                 214    0         0      
       ipc.obj                       15     0         0      
    +--+-----------------------------+------+---------+---------+
       Total:                        2065   306       0      
                                                             
    C:\ti\ccs2040\ccs\tools\compiler\ti-cgt-c2000_22.6.3.LTS\lib\rts2800_fpu64_eabi.lib
       fs_div28.asm.obj              136    0         0      
       exit.c.obj                    41     0         6      
       copy_decompress_lzss.c.obj    46     0         0      
       autoinit.c.obj                43     0         0      
       memcpy.c.obj                  29     0         0      
       boot28.asm.obj                25     0         0      
       _lock.c.obj                   9      0         4      
       args_main.c.obj               12     0         0      
       copy_decompress_none.c.obj    8      0         0      
       pre_init.c.obj                2      0         0      
       startup.c.obj                 1      0         0      
    +--+-----------------------------+------+---------+---------+
       Total:                        352    0         10     
                                                             
       Stack:                        0      0         1016   
       Linker Generated:             0      16        0      
    +--+-----------------------------+------+---------+---------+
       Grand Total:                  3787   529       1026   


LINKER GENERATED COPY TABLES

__TI_cinit_table @ 000001c2 records: 1, size/record: 4, table size: 4
	.data: load addr=000001b6, load size=00000008 bytes, run addr=0000a800, run size=0000000a bytes, compression=lzss


LINKER GENERATED HANDLER TABLE

__TI_handler_table @ 000001be records: 2, size/record: 2, table size: 4
	index: 0, handler: __TI_decompress_lzss
	index: 1, handler: __TI_decompress_none


GLOBAL DATA SYMBOLS: SORTED BY DATA PAGE

address     data page           name
--------    ----------------    ----
00000400      10 (00000400)     __stack

0000a800     2a0 (0000a800)     __TI_enable_exit_profile_output
0000a802     2a0 (0000a800)     __TI_cleanup_ptr
0000a804     2a0 (0000a800)     __TI_dtors_ptr
0000a806     2a0 (0000a800)     _lock
0000a808     2a0 (0000a800)     _unlock


GLOBAL SYMBOLS: SORTED ALPHABETICALLY BY Name 

page  address   name                             
----  -------   ----                             
0     0000cd9d  Board_init                       
0     0000ca3f  C$$EXIT                          
0     0000cec3  C2000Ware_libraries_init         
0     0000c000  Device_enableAllPeripherals      
0     0000c92d  Device_init                      
0     0000cab1  Device_initGPIO                  
0     0000ce19  GPIO_init                        
0     0000c81a  GPIO_setControllerCore           
0     0000c961  GPIO_setDirectionMode            
0     0000c851  GPIO_setInterruptPin             
0     0000c546  GPIO_setPadConfig                
0     0000c888  GPIO_setPinConfig                
0     0000c8bf  GPIO_setQualificationMode        
0     0000ce24  INPUTXBAR_init                   
0     0000c7a0  INTERRUPT_init                   
0     0000c66a  INT_PS1_XINT_ISR                 
0     0000c6a8  INT_PS2_XINT_ISR                 
0     0000c6e6  INT_PS3_XINT_ISR                 
0     0000c724  INT_PS4_XINT_ISR                 
0     0000c762  INT_PS5_XINT_ISR                 
0     0000cc56  Interrupt_defaultHandler         
0     0000c8f6  Interrupt_enable                 
0     0000ce50  Interrupt_illegalOperationHandler
0     0000c7dd  Interrupt_initModule             
0     0000cb57  Interrupt_initVectorTable        
0     0000ce5a  Interrupt_nmiHandler             
0     0000cdd1  PS1_XINT_init                    
0     0000ccfc  PS1_init                         
0     0000cddd  PS2_XINT_init                    
0     0000cd10  PS2_init                         
0     0000cde9  PS3_XINT_init                    
0     0000cd24  PS3_init                         
0     0000cdf5  PS4_XINT_init                    
0     0000cd38  PS4_init                         
0     0000ce01  PS5_XINT_init                    
0     0000cd4c  PS5_init                         
0     0000cbac  PinMux_init                      
0     000001b1  SysCtl_delay                     
0     0000c4e1  SysCtl_getClock                  
0     0000cbc6  SysCtl_getLowSpeedClock          
0     0000c2c6  SysCtl_isPLLValid                
0     0000c598  SysCtl_selectOscSource           
0     0000c5df  SysCtl_selectXTAL                
0     0000ca68  SysCtl_selectXTALSingleEnded     
0     0000c1a0  SysCtl_setClock                  
0     0000ce45  XINT_init                        
0     000001c2  __TI_CINIT_Base                  
0     000001c6  __TI_CINIT_Limit                 
0     000001c6  __TI_CINIT_Warm                  
0     000001be  __TI_Handler_Table_Base          
0     000001c2  __TI_Handler_Table_Limit         
0     000007f8  __TI_STACK_END                   
abs   000003f8  __TI_STACK_SIZE                  
0     0000c9c0  __TI_auto_init_nobinit_nopinit   
0     0000a802  __TI_cleanup_ptr                 
0     0000c992  __TI_decompress_lzss             
0     0000ce76  __TI_decompress_none             
0     0000a804  __TI_dtors_ptr                   
0     0000a800  __TI_enable_exit_profile_output  
abs   ffffffff  __TI_pprof_out_hndl              
abs   ffffffff  __TI_prof_data_size              
abs   ffffffff  __TI_prof_data_start             
0     0000c3e6  __c28xabi_divf                   
n/a   UNDEFED   __c_args__                       
0     0000ce8d  __error__                        
0     00000400  __stack                          
0     0000ce0d  _args_main                       
0     0000cbf9  _c_int00                         
0     0000a806  _lock                            
0     0000ce75  _nop                             
0     0000ce71  _register_lock                   
0     0000ce6d  _register_unlock                 
0     0000cec4  _system_post_cinit               
0     0000cec1  _system_pre_init                 
0     0000a808  _unlock                          
0     0000ca3f  abort                            
0     00000000  code_start                       
0     0000ca41  exit                             
0     0000cd8e  main                             
0     0000cb75  memcpy                           
0     0000ce94  myINPUTXBARINPUT0_init           
0     0000ce9b  myINPUTXBARINPUT1_init           
0     0000cea2  myINPUTXBARINPUT2_init           
0     0000cea9  myINPUTXBARINPUT3_init           
0     0000ceb0  myINPUTXBARINPUT4_init           


GLOBAL SYMBOLS: SORTED BY Symbol Address 

page  address   name                             
----  -------   ----                             
0     00000000  code_start                       
0     000001b1  SysCtl_delay                     
0     000001be  __TI_Handler_Table_Base          
0     000001c2  __TI_CINIT_Base                  
0     000001c2  __TI_Handler_Table_Limit         
0     000001c6  __TI_CINIT_Limit                 
0     000001c6  __TI_CINIT_Warm                  
0     00000400  __stack                          
0     000007f8  __TI_STACK_END                   
0     0000a800  __TI_enable_exit_profile_output  
0     0000a802  __TI_cleanup_ptr                 
0     0000a804  __TI_dtors_ptr                   
0     0000a806  _lock                            
0     0000a808  _unlock                          
0     0000c000  Device_enableAllPeripherals      
0     0000c1a0  SysCtl_setClock                  
0     0000c2c6  SysCtl_isPLLValid                
0     0000c3e6  __c28xabi_divf                   
0     0000c4e1  SysCtl_getClock                  
0     0000c546  GPIO_setPadConfig                
0     0000c598  SysCtl_selectOscSource           
0     0000c5df  SysCtl_selectXTAL                
0     0000c66a  INT_PS1_XINT_ISR                 
0     0000c6a8  INT_PS2_XINT_ISR                 
0     0000c6e6  INT_PS3_XINT_ISR                 
0     0000c724  INT_PS4_XINT_ISR                 
0     0000c762  INT_PS5_XINT_ISR                 
0     0000c7a0  INTERRUPT_init                   
0     0000c7dd  Interrupt_initModule             
0     0000c81a  GPIO_setControllerCore           
0     0000c851  GPIO_setInterruptPin             
0     0000c888  GPIO_setPinConfig                
0     0000c8bf  GPIO_setQualificationMode        
0     0000c8f6  Interrupt_enable                 
0     0000c92d  Device_init                      
0     0000c961  GPIO_setDirectionMode            
0     0000c992  __TI_decompress_lzss             
0     0000c9c0  __TI_auto_init_nobinit_nopinit   
0     0000ca3f  C$$EXIT                          
0     0000ca3f  abort                            
0     0000ca41  exit                             
0     0000ca68  SysCtl_selectXTALSingleEnded     
0     0000cab1  Device_initGPIO                  
0     0000cb57  Interrupt_initVectorTable        
0     0000cb75  memcpy                           
0     0000cbac  PinMux_init                      
0     0000cbc6  SysCtl_getLowSpeedClock          
0     0000cbf9  _c_int00                         
0     0000cc56  Interrupt_defaultHandler         
0     0000ccfc  PS1_init                         
0     0000cd10  PS2_init                         
0     0000cd24  PS3_init                         
0     0000cd38  PS4_init                         
0     0000cd4c  PS5_init                         
0     0000cd8e  main                             
0     0000cd9d  Board_init                       
0     0000cdd1  PS1_XINT_init                    
0     0000cddd  PS2_XINT_init                    
0     0000cde9  PS3_XINT_init                    
0     0000cdf5  PS4_XINT_init                    
0     0000ce01  PS5_XINT_init                    
0     0000ce0d  _args_main                       
0     0000ce19  GPIO_init                        
0     0000ce24  INPUTXBAR_init                   
0     0000ce45  XINT_init                        
0     0000ce50  Interrupt_illegalOperationHandler
0     0000ce5a  Interrupt_nmiHandler             
0     0000ce6d  _register_unlock                 
0     0000ce71  _register_lock                   
0     0000ce75  _nop                             
0     0000ce76  __TI_decompress_none             
0     0000ce8d  __error__                        
0     0000ce94  myINPUTXBARINPUT0_init           
0     0000ce9b  myINPUTXBARINPUT1_init           
0     0000cea2  myINPUTXBARINPUT2_init           
0     0000cea9  myINPUTXBARINPUT3_init           
0     0000ceb0  myINPUTXBARINPUT4_init           
0     0000cec1  _system_pre_init                 
0     0000cec3  C2000Ware_libraries_init         
0     0000cec4  _system_post_cinit               
abs   000003f8  __TI_STACK_SIZE                  
abs   ffffffff  __TI_pprof_out_hndl              
abs   ffffffff  __TI_prof_data_size              
abs   ffffffff  __TI_prof_data_start             
n/a   UNDEFED   __c_args__                       

[85 symbols]
